<html>
<body>
<pre>
<h1>µVision Build Log</h1>
<h2>Tool Versions:</h2>
IDE-Version: ÂµVision V5.29.0.0
Copyright (C) 2019 ARM Ltd and ARM Germany GmbH. All rights reserved.
License Information: Adi Nisic, -, LIC=----
 
Tool Versions:
Toolchain:       MDK-Lite  Version: 5.29.0.0
Toolchain Path:  C:\Keil_v5\ARM\ARMCC\Bin
C Compiler:      Armcc.exe V5.06 update 6 (build 750)
Assembler:       Armasm.exe V5.06 update 6 (build 750)
Linker/Locator:  ArmLink.exe V5.06 update 6 (build 750)
Library Manager: ArmAr.exe V5.06 update 6 (build 750)
Hex Converter:   FromElf.exe V5.06 update 6 (build 750)
CPU DLL:         SARMCM3.DLL V5.29.0.0
Dialog DLL:      DCM.DLL V1.17.3.0
Target DLL:      STLink\ST-LINKIII-KEIL_SWO.dll V3.0.7.0
Dialog DLL:      TCM.DLL V1.36.5.0
 
<h2>Project:</h2>
C:\Users\Adi\Desktop\Protivpozarni-Sistem\MDK-ARM\ProtivpozarniSistem.uvprojx
Project File Date:  01/10/2023

<h2>Output:</h2>
*** Using Compiler 'V5.06 update 6 (build 750)', folder: 'C:\Keil_v5\ARM\ARMCC\Bin'
Build target 'ProtivpozarniSistem'
compiling main.c...
../Core/Src/main.c(78): warning:  #188-D: enumerated type mixed with another type
  		HAL_GPIO_WritePin(GPIOA, RLED_Pin, 0);
../Core/Src/main.c(79): warning:  #188-D: enumerated type mixed with another type
  		HAL_GPIO_WritePin(GPIOA, YLED_Pin, 0);
../Core/Src/main.c(80): warning:  #188-D: enumerated type mixed with another type
  		HAL_GPIO_WritePin(GPIOA, GLED_Pin, 0);
../Core/Src/main.c(337): warning:  #188-D: enumerated type mixed with another type
  				HAL_GPIO_WritePin(GPIOA, YLED_Pin, 1);
../Core/Src/main.c(338): warning:  #188-D: enumerated type mixed with another type
  				HAL_GPIO_WritePin(GPIOA, GLED_Pin, 0);
../Core/Src/main.c(343): warning:  #188-D: enumerated type mixed with another type
  				HAL_GPIO_WritePin(GPIOA, YLED_Pin, 0);
../Core/Src/main.c(345): warning:  #188-D: enumerated type mixed with another type
  					HAL_GPIO_WritePin(GPIOA, GLED_Pin, 1);
../Core/Src/main.c(377): warning:  #188-D: enumerated type mixed with another type
  				HAL_GPIO_WritePin(GPIOA, RLED_Pin, 1);
../Core/Src/main.c(378): warning:  #188-D: enumerated type mixed with another type
  				HAL_GPIO_WritePin(GPIOA, YLED_Pin, 0);
../Core/Src/main.c(379): warning:  #188-D: enumerated type mixed with another type
  				HAL_GPIO_WritePin(GPIOA, GLED_Pin, 0);
../Core/Src/main.c: 10 warnings, 0 errors
linking...
Program Size: Code=15892 RO-data=376 RW-data=152 ZI-data=7064  
FromELF: creating hex file...
"ProtivpozarniSistem\ProtivpozarniSistem.axf" - 0 Error(s), 10 Warning(s).

<h2>Software Packages used:</h2>

Package Vendor: ARM
                http://www.keil.com/pack/ARM.CMSIS.5.9.0.pack
                ARM.CMSIS.5.9.0
                CMSIS (Common Microcontroller Software Interface Standard)
   * Component: CORE Version: 5.6.0

Package Vendor: Keil
                http://www.keil.com/pack/Keil.STM32F1xx_DFP.2.4.0.pack
                Keil.STM32F1xx_DFP.2.4.0
                STMicroelectronics STM32F1 Series Device Support, Drivers and Examples

<h2>Collection of Component include folders:</h2>
  .\RTE\_ProtivpozarniSistem
  C:\Users\Adi\AppData\Local\Arm\Packs\ARM\CMSIS\5.9.0\CMSIS\Core\Include
  C:\Users\Adi\AppData\Local\Arm\Packs\Keil\STM32F1xx_DFP\2.4.0\Device\Include

<h2>Collection of Component Files used:</h2>

   * Component: ARM::CMSIS:CORE:5.6.0
      Include file:  CMSIS\Core\Include\tz_context.h
Build Time Elapsed:  00:00:01
</pre>
</body>
</html>
