Component: ARM Compiler 5.06 update 6 (build 750) Tool: armlink [4d35ed]

==============================================================================

Section Cross References

    startup_stm32f103xb.o(STACK) refers (Special) to heapauxi.o(.text) for __use_two_region_memory
    startup_stm32f103xb.o(HEAP) refers (Special) to heapauxi.o(.text) for __use_two_region_memory
    startup_stm32f103xb.o(RESET) refers (Special) to heapauxi.o(.text) for __use_two_region_memory
    startup_stm32f103xb.o(RESET) refers to startup_stm32f103xb.o(STACK) for __initial_sp
    startup_stm32f103xb.o(RESET) refers to startup_stm32f103xb.o(.text) for Reset_Handler
    startup_stm32f103xb.o(RESET) refers to stm32f1xx_it.o(i.NMI_Handler) for NMI_Handler
    startup_stm32f103xb.o(RESET) refers to stm32f1xx_it.o(i.HardFault_Handler) for HardFault_Handler
    startup_stm32f103xb.o(RESET) refers to stm32f1xx_it.o(i.MemManage_Handler) for MemManage_Handler
    startup_stm32f103xb.o(RESET) refers to stm32f1xx_it.o(i.BusFault_Handler) for BusFault_Handler
    startup_stm32f103xb.o(RESET) refers to stm32f1xx_it.o(i.UsageFault_Handler) for UsageFault_Handler
    startup_stm32f103xb.o(RESET) refers to port.o(.emb_text) for SVC_Handler
    startup_stm32f103xb.o(RESET) refers to stm32f1xx_it.o(i.DebugMon_Handler) for DebugMon_Handler
    startup_stm32f103xb.o(RESET) refers to port.o(i.SysTick_Handler) for SysTick_Handler
    startup_stm32f103xb.o(RESET) refers to stm32f1xx_it.o(i.TIM1_UP_IRQHandler) for TIM1_UP_IRQHandler
    startup_stm32f103xb.o(RESET) refers to stm32f1xx_it.o(i.EXTI15_10_IRQHandler) for EXTI15_10_IRQHandler
    startup_stm32f103xb.o(.text) refers (Special) to heapauxi.o(.text) for __use_two_region_memory
    startup_stm32f103xb.o(.text) refers to system_stm32f1xx.o(i.SystemInit) for SystemInit
    startup_stm32f103xb.o(.text) refers to __main.o(!!!main) for __main
    startup_stm32f103xb.o(.text) refers to startup_stm32f103xb.o(HEAP) for Heap_Mem
    startup_stm32f103xb.o(.text) refers to startup_stm32f103xb.o(STACK) for Stack_Mem
    main.o(i.HAL_GPIO_EXTI_Callback) refers to cmsis_os.o(i.osSemaphoreWait) for osSemaphoreWait
    main.o(i.HAL_GPIO_EXTI_Callback) refers to stm32f1xx_hal_gpio.o(i.HAL_GPIO_WritePin) for HAL_GPIO_WritePin
    main.o(i.HAL_GPIO_EXTI_Callback) refers to cmsis_os.o(i.osSemaphoreRelease) for osSemaphoreRelease
    main.o(i.HAL_GPIO_EXTI_Callback) refers to main.o(.data) for .data
    main.o(i.HAL_TIM_PeriodElapsedCallback) refers to stm32f1xx_hal.o(i.HAL_IncTick) for HAL_IncTick
    main.o(i.MX_ADC1_Init) refers to stm32f1xx_hal_adc.o(i.HAL_ADC_Init) for HAL_ADC_Init
    main.o(i.MX_ADC1_Init) refers to stm32f1xx_hal_adc.o(i.HAL_ADC_ConfigChannel) for HAL_ADC_ConfigChannel
    main.o(i.MX_ADC1_Init) refers to main.o(.bss) for .bss
    main.o(i.MX_GPIO_Init) refers to stm32f1xx_hal_gpio.o(i.HAL_GPIO_WritePin) for HAL_GPIO_WritePin
    main.o(i.MX_GPIO_Init) refers to stm32f1xx_hal_gpio.o(i.HAL_GPIO_Init) for HAL_GPIO_Init
    main.o(i.StartGasSensor) refers to stm32f1xx_hal_gpio.o(i.HAL_GPIO_ReadPin) for HAL_GPIO_ReadPin
    main.o(i.StartGasSensor) refers to cmsis_os.o(i.osDelay) for osDelay
    main.o(i.StartGasSensor) refers to main.o(.data) for .data
    main.o(i.StartRunActions) refers to cmsis_os.o(i.osSemaphoreWait) for osSemaphoreWait
    main.o(i.StartRunActions) refers to stm32f1xx_hal_gpio.o(i.HAL_GPIO_WritePin) for HAL_GPIO_WritePin
    main.o(i.StartRunActions) refers to cmsis_os.o(i.osSemaphoreRelease) for osSemaphoreRelease
    main.o(i.StartRunActions) refers to cmsis_os.o(i.osDelay) for osDelay
    main.o(i.StartRunActions) refers to main.o(.data) for .data
    main.o(i.StartTemperatureSensor) refers to stm32f1xx_hal_adc.o(i.HAL_ADC_Start) for HAL_ADC_Start
    main.o(i.StartTemperatureSensor) refers to stm32f1xx_hal_adc.o(i.HAL_ADC_PollForConversion) for HAL_ADC_PollForConversion
    main.o(i.StartTemperatureSensor) refers to stm32f1xx_hal_adc.o(i.HAL_ADC_GetValue) for HAL_ADC_GetValue
    main.o(i.StartTemperatureSensor) refers to dflt_clz.o(x$fpl$dfltu) for __aeabi_ui2d
    main.o(i.StartTemperatureSensor) refers to dmul.o(x$fpl$dmul) for __aeabi_dmul
    main.o(i.StartTemperatureSensor) refers to ddiv.o(x$fpl$ddiv) for __aeabi_ddiv
    main.o(i.StartTemperatureSensor) refers to daddsub_clz.o(x$fpl$dadd) for __aeabi_dadd
    main.o(i.StartTemperatureSensor) refers to d2f.o(x$fpl$d2f) for __aeabi_d2f
    main.o(i.StartTemperatureSensor) refers to stm32f1xx_hal_adc.o(i.HAL_ADC_Stop) for HAL_ADC_Stop
    main.o(i.StartTemperatureSensor) refers to cmsis_os.o(i.osDelay) for osDelay
    main.o(i.StartTemperatureSensor) refers to main.o(.bss) for .bss
    main.o(i.StartTemperatureSensor) refers to main.o(.data) for .data
    main.o(i.SystemClock_Config) refers to rt_memclr_w.o(.text) for __aeabi_memclr4
    main.o(i.SystemClock_Config) refers to stm32f1xx_hal_rcc.o(i.HAL_RCC_OscConfig) for HAL_RCC_OscConfig
[...]
    .ARM.Collect$$libinit$$0000001F          0x08000162   Section        0  libinit2.o(.ARM.Collect$$libinit$$0000001F)
    .ARM.Collect$$libinit$$00000021          0x08000162   Section        0  libinit2.o(.ARM.Collect$$libinit$$00000021)
    .ARM.Collect$$libinit$$00000023          0x08000162   Section        0  libinit2.o(.ARM.Collect$$libinit$$00000023)
    .ARM.Collect$$libinit$$00000025          0x08000162   Section        0  libinit2.o(.ARM.Collect$$libinit$$00000025)
    .ARM.Collect$$libinit$$0000002C          0x08000162   Section        0  libinit2.o(.ARM.Collect$$libinit$$0000002C)
    .ARM.Collect$$libinit$$0000002E          0x08000162   Section        0  libinit2.o(.ARM.Collect$$libinit$$0000002E)
    .ARM.Collect$$libinit$$00000030          0x08000162   Section        0  libinit2.o(.ARM.Collect$$libinit$$00000030)
    .ARM.Collect$$libinit$$00000032          0x08000162   Section        0  libinit2.o(.ARM.Collect$$libinit$$00000032)
    .ARM.Collect$$libinit$$00000033          0x08000162   Section        2  libinit2.o(.ARM.Collect$$libinit$$00000033)
    .ARM.Collect$$libshutdown$$00000000      0x08000164   Section        2  libshutdown.o(.ARM.Collect$$libshutdown$$00000000)
    .ARM.Collect$$libshutdown$$00000002      0x08000166   Section        0  libshutdown2.o(.ARM.Collect$$libshutdown$$00000002)
    .ARM.Collect$$libshutdown$$00000004      0x08000166   Section        0  libshutdown2.o(.ARM.Collect$$libshutdown$$00000004)
    .ARM.Collect$$libshutdown$$00000007      0x08000166   Section        0  libshutdown2.o(.ARM.Collect$$libshutdown$$00000007)
    .ARM.Collect$$libshutdown$$0000000A      0x08000166   Section        0  libshutdown2.o(.ARM.Collect$$libshutdown$$0000000A)
    .ARM.Collect$$libshutdown$$0000000C      0x08000166   Section        0  libshutdown2.o(.ARM.Collect$$libshutdown$$0000000C)
    .ARM.Collect$$libshutdown$$0000000F      0x08000166   Section        0  libshutdown2.o(.ARM.Collect$$libshutdown$$0000000F)
    .ARM.Collect$$libshutdown$$00000010      0x08000166   Section        2  libshutdown2.o(.ARM.Collect$$libshutdown$$00000010)
    .ARM.Collect$$rtentry$$00000000          0x08000168   Section        0  __rtentry.o(.ARM.Collect$$rtentry$$00000000)
    .ARM.Collect$$rtentry$$00000002          0x08000168   Section        0  __rtentry2.o(.ARM.Collect$$rtentry$$00000002)
    .ARM.Collect$$rtentry$$00000004          0x08000168   Section        6  __rtentry4.o(.ARM.Collect$$rtentry$$00000004)
    .ARM.Collect$$rtentry$$00000009          0x0800016e   Section        0  __rtentry2.o(.ARM.Collect$$rtentry$$00000009)
    .ARM.Collect$$rtentry$$0000000A          0x0800016e   Section        4  __rtentry2.o(.ARM.Collect$$rtentry$$0000000A)
    .ARM.Collect$$rtentry$$0000000C          0x08000172   Section        0  __rtentry2.o(.ARM.Collect$$rtentry$$0000000C)
    .ARM.Collect$$rtentry$$0000000D          0x08000172   Section        8  __rtentry2.o(.ARM.Collect$$rtentry$$0000000D)
    .ARM.Collect$$rtexit$$00000000           0x0800017a   Section        2  rtexit.o(.ARM.Collect$$rtexit$$00000000)
    .ARM.Collect$$rtexit$$00000002           0x0800017c   Section        0  rtexit2.o(.ARM.Collect$$rtexit$$00000002)
    .ARM.Collect$$rtexit$$00000003           0x0800017c   Section        4  rtexit2.o(.ARM.Collect$$rtexit$$00000003)
    .ARM.Collect$$rtexit$$00000004           0x08000180   Section        6  rtexit2.o(.ARM.Collect$$rtexit$$00000004)
    .emb_text                                0x08000188   Section      150  port.o(.emb_text)
    .text                                    0x08000220   Section       64  startup_stm32f103xb.o(.text)
    .text                                    0x08000260   Section      138  rt_memcpy_v6.o(.text)
    .text                                    0x080002ea   Section      100  rt_memcpy_w.o(.text)
    .text                                    0x0800034e   Section       78  rt_memclr_w.o(.text)
    .text                                    0x0800039c   Section        0  heapauxi.o(.text)
    .text                                    0x080003a2   Section       74  sys_stackheap_outer.o(.text)
    .text                                    0x080003ec   Section        0  exit.o(.text)
    .text                                    0x08000400   Section        8  libspace.o(.text)
    .text                                    0x08000408   Section        0  sys_exit.o(.text)
    .text                                    0x08000414   Section        2  use_no_semi.o(.text)
    .text                                    0x08000416   Section        0  indicate_semi.o(.text)
    i.ADC_ConversionStop_Disable             0x08000418   Section        0  stm32f1xx_hal_adc.o(i.ADC_ConversionStop_Disable)
    i.ADC_Enable                             0x08000470   Section        0  stm32f1xx_hal_adc.o(i.ADC_Enable)
    i.BusFault_Handler                       0x080004ec   Section        0  stm32f1xx_it.o(i.BusFault_Handler)
    i.DebugMon_Handler                       0x080004ee   Section        0  stm32f1xx_it.o(i.DebugMon_Handler)
    i.EXTI15_10_IRQHandler                   0x080004f0   Section        0  stm32f1xx_it.o(i.EXTI15_10_IRQHandler)
    i.HAL_ADC_ConfigChannel                  0x080004f8   Section        0  stm32f1xx_hal_adc.o(i.HAL_ADC_ConfigChannel)
    i.HAL_ADC_GetValue                       0x080005f4   Section        0  stm32f1xx_hal_adc.o(i.HAL_ADC_GetValue)
    i.HAL_ADC_Init                           0x080005fc   Section        0  stm32f1xx_hal_adc.o(i.HAL_ADC_Init)
    i.HAL_ADC_MspInit                        0x08000718   Section        0  stm32f1xx_hal_msp.o(i.HAL_ADC_MspInit)
    i.HAL_ADC_PollForConversion              0x08000770   Section        0  stm32f1xx_hal_adc.o(i.HAL_ADC_PollForConversion)
    i.HAL_ADC_Start                          0x080008ac   Section        0  stm32f1xx_hal_adc.o(i.HAL_ADC_Start)
    i.HAL_ADC_Stop                           0x0800096c   Section        0  stm32f1xx_hal_adc.o(i.HAL_ADC_Stop)
    i.HAL_GPIO_EXTI_Callback                 0x080009a0   Section        0  main.o(i.HAL_GPIO_EXTI_Callback)
    i.HAL_GPIO_EXTI_IRQHandler               0x080009f4   Section        0  stm32f1xx_hal_gpio.o(i.HAL_GPIO_EXTI_IRQHandler)
    i.HAL_GPIO_Init                          0x08000a0c   Section        0  stm32f1xx_hal_gpio.o(i.HAL_GPIO_Init)
    i.HAL_GPIO_ReadPin                       0x08000bec   Section        0  stm32f1xx_hal_gpio.o(i.HAL_GPIO_ReadPin)
    i.HAL_GPIO_WritePin                      0x08000bf6   Section        0  stm32f1xx_hal_gpio.o(i.HAL_GPIO_WritePin)
    i.HAL_GetTick                            0x08000c00   Section        0  stm32f1xx_hal.o(i.HAL_GetTick)
    i.HAL_IncTick                            0x08000c0c   Section        0  stm32f1xx_hal.o(i.HAL_IncTick)
    i.HAL_Init                               0x08000c1c   Section        0  stm32f1xx_hal.o(i.HAL_Init)
    i.HAL_InitTick                           0x08000c40   Section        0  stm32f1xx_hal_timebase_tim.o(i.HAL_InitTick)
    i.HAL_MspInit                            0x08000ccc   Section        0  stm32f1xx_hal_msp.o(i.HAL_MspInit)
    i.HAL_NVIC_EnableIRQ                     0x08000d14   Section        0  stm32f1xx_hal_cortex.o(i.HAL_NVIC_EnableIRQ)
    i.HAL_NVIC_SetPriority                   0x08000d30   Section        0  stm32f1xx_hal_cortex.o(i.HAL_NVIC_SetPriority)
    i.HAL_NVIC_SetPriorityGrouping           0x08000d70   Section        0  stm32f1xx_hal_cortex.o(i.HAL_NVIC_SetPriorityGrouping)
    i.HAL_RCCEx_GetPeriphCLKFreq             0x08000d94   Section        0  stm32f1xx_hal_rcc_ex.o(i.HAL_RCCEx_GetPeriphCLKFreq)
    i.HAL_RCCEx_PeriphCLKConfig              0x08000e5c   Section        0  stm32f1xx_hal_rcc_ex.o(i.HAL_RCCEx_PeriphCLKConfig)
    i.HAL_RCC_ClockConfig                    0x08000f48   Section        0  stm32f1xx_hal_rcc.o(i.HAL_RCC_ClockConfig)
    i.HAL_RCC_GetClockConfig                 0x08001074   Section        0  stm32f1xx_hal_rcc.o(i.HAL_RCC_GetClockConfig)
    i.HAL_RCC_GetPCLK2Freq                   0x080010b4   Section        0  stm32f1xx_hal_rcc.o(i.HAL_RCC_GetPCLK2Freq)
    i.HAL_RCC_GetSysClockFreq                0x080010d4   Section        0  stm32f1xx_hal_rcc.o(i.HAL_RCC_GetSysClockFreq)
    i.HAL_RCC_OscConfig                      0x08001140   Section        0  stm32f1xx_hal_rcc.o(i.HAL_RCC_OscConfig)
    i.HAL_TIMEx_BreakCallback                0x08001460   Section        0  stm32f1xx_hal_tim_ex.o(i.HAL_TIMEx_BreakCallback)
    i.HAL_TIMEx_CommutCallback               0x08001462   Section        0  stm32f1xx_hal_tim_ex.o(i.HAL_TIMEx_CommutCallback)
    i.HAL_TIM_Base_Init                      0x08001464   Section        0  stm32f1xx_hal_tim.o(i.HAL_TIM_Base_Init)
    i.HAL_TIM_Base_MspInit                   0x080014be   Section        0  stm32f1xx_hal_tim.o(i.HAL_TIM_Base_MspInit)
    i.HAL_TIM_Base_Start_IT                  0x080014c0   Section        0  stm32f1xx_hal_tim.o(i.HAL_TIM_Base_Start_IT)
    i.HAL_TIM_IC_CaptureCallback             0x08001518   Section        0  stm32f1xx_hal_tim.o(i.HAL_TIM_IC_CaptureCallback)
    i.HAL_TIM_IRQHandler                     0x0800151a   Section        0  stm32f1xx_hal_tim.o(i.HAL_TIM_IRQHandler)
    i.HAL_TIM_OC_DelayElapsedCallback        0x08001680   Section        0  stm32f1xx_hal_tim.o(i.HAL_TIM_OC_DelayElapsedCallback)
    i.HAL_TIM_PWM_PulseFinishedCallback      0x08001682   Section        0  stm32f1xx_hal_tim.o(i.HAL_TIM_PWM_PulseFinishedCallback)
    i.HAL_TIM_PeriodElapsedCallback          0x08001684   Section        0  main.o(i.HAL_TIM_PeriodElapsedCallback)
    i.HAL_TIM_TriggerCallback                0x08001698   Section        0  stm32f1xx_hal_tim.o(i.HAL_TIM_TriggerCallback)
    i.HardFault_Handler                      0x0800169a   Section        0  stm32f1xx_it.o(i.HardFault_Handler)
    i.MX_ADC1_Init                           0x0800169c   Section        0  main.o(i.MX_ADC1_Init)
    MX_ADC1_Init                             0x0800169d   Thumb Code    68  main.o(i.MX_ADC1_Init)
    i.MX_GPIO_Init                           0x080016e8   Section        0  main.o(i.MX_GPIO_Init)
    MX_GPIO_Init                             0x080016e9   Thumb Code   154  main.o(i.MX_GPIO_Init)
    i.MemManage_Handler                      0x08001798   Section        0  stm32f1xx_it.o(i.MemManage_Handler)
    i.NMI_Handler                            0x0800179a   Section        0  stm32f1xx_it.o(i.NMI_Handler)
    i.StartGasSensor                         0x0800179c   Section        0  main.o(i.StartGasSensor)
    i.StartRunActions                        0x080017cc   Section        0  main.o(i.StartRunActions)
    i.StartTemperatureSensor                 0x0800186c   Section        0  main.o(i.StartTemperatureSensor)
    i.SysTick_Handler                        0x080018d8   Section        0  port.o(i.SysTick_Handler)
    i.SystemClock_Config                     0x08001904   Section        0  main.o(i.SystemClock_Config)
    i.SystemInit                             0x08001972   Section        0  system_stm32f1xx.o(i.SystemInit)
    i.TIM1_UP_IRQHandler                     0x08001974   Section        0  stm32f1xx_it.o(i.TIM1_UP_IRQHandler)
    i.TIM_Base_SetConfig                     0x08001980   Section        0  stm32f1xx_hal_tim.o(i.TIM_Base_SetConfig)
    i.UsageFault_Handler                     0x080019ec   Section        0  stm32f1xx_it.o(i.UsageFault_Handler)
    i.__NVIC_SetPriority                     0x080019ee   Section        0  stm32f1xx_hal_cortex.o(i.__NVIC_SetPriority)
    __NVIC_SetPriority                       0x080019ef   Thumb Code    32  stm32f1xx_hal_cortex.o(i.__NVIC_SetPriority)
    i.inHandlerMode                          0x08001a0e   Section        0  cmsis_os.o(i.inHandlerMode)
    inHandlerMode                            0x08001a0f   Thumb Code    12  cmsis_os.o(i.inHandlerMode)
    i.main                                   0x08001a1c   Section        0  main.o(i.main)
    i.makeFreeRtosPriority                   0x08001aa0   Section        0  cmsis_os.o(i.makeFreeRtosPriority)
    makeFreeRtosPriority                     0x08001aa1   Thumb Code    12  cmsis_os.o(i.makeFreeRtosPriority)
    i.osDelay                                0x08001aac   Section        0  cmsis_os.o(i.osDelay)
    i.osKernelStart                          0x08001aba   Section        0  cmsis_os.o(i.osKernelStart)
    i.osSemaphoreCreate                      0x08001ac4   Section        0  cmsis_os.o(i.osSemaphoreCreate)
    i.osSemaphoreRelease                     0x08001b14   Section        0  cmsis_os.o(i.osSemaphoreRelease)
    i.osSemaphoreWait                        0x08001b64   Section        0  cmsis_os.o(i.osSemaphoreWait)
    i.osThreadCreate                         0x08001bc8   Section        0  cmsis_os.o(i.osThreadCreate)
    i.prvAddCurrentTaskToDelayedList         0x08001c1c   Section        0  tasks.o(i.prvAddCurrentTaskToDelayedList)
    prvAddCurrentTaskToDelayedList           0x08001c1d   Thumb Code   102  tasks.o(i.prvAddCurrentTaskToDelayedList)
    i.prvAddNewTaskToReadyList               0x08001c8c   Section        0  tasks.o(i.prvAddNewTaskToReadyList)
    prvAddNewTaskToReadyList                 0x08001c8d   Thumb Code   194  tasks.o(i.prvAddNewTaskToReadyList)
    i.prvCheckForValidListAndQueue           0x08001d5c   Section        0  timers.o(i.prvCheckForValidListAndQueue)
    prvCheckForValidListAndQueue             0x08001d5d   Thumb Code    72  timers.o(i.prvCheckForValidListAndQueue)
    i.prvCopyDataFromQueue                   0x08001db4   Section        0  queue.o(i.prvCopyDataFromQueue)
    prvCopyDataFromQueue                     0x08001db5   Thumb Code    38  queue.o(i.prvCopyDataFromQueue)
    i.prvCopyDataToQueue                     0x08001dda   Section        0  queue.o(i.prvCopyDataToQueue)
    prvCopyDataToQueue                       0x08001ddb   Thumb Code   108  queue.o(i.prvCopyDataToQueue)
    i.prvDeleteTCB                           0x08001e46   Section        0  tasks.o(i.prvDeleteTCB)
    prvDeleteTCB                             0x08001e47   Thumb Code    52  tasks.o(i.prvDeleteTCB)
    i.prvHeapInit                            0x08001e7c   Section        0  heap_4.o(i.prvHeapInit)
    prvHeapInit                              0x08001e7d   Thumb Code    66  heap_4.o(i.prvHeapInit)
    i.prvIdleTask                            0x08001ec8   Section        0  tasks.o(i.prvIdleTask)
    prvIdleTask                              0x08001ec9   Thumb Code    82  tasks.o(i.prvIdleTask)
    i.prvInitialiseNewQueue                  0x08001f28   Section        0  queue.o(i.prvInitialiseNewQueue)
    prvInitialiseNewQueue                    0x08001f29   Thumb Code    22  queue.o(i.prvInitialiseNewQueue)
    i.prvInitialiseNewTask                   0x08001f3e   Section        0  tasks.o(i.prvInitialiseNewTask)
    prvInitialiseNewTask                     0x08001f3f   Thumb Code   142  tasks.o(i.prvInitialiseNewTask)
    i.prvInsertBlockIntoFreeList             0x08001fcc   Section        0  heap_4.o(i.prvInsertBlockIntoFreeList)
    prvInsertBlockIntoFreeList               0x08001fcd   Thumb Code    72  heap_4.o(i.prvInsertBlockIntoFreeList)
    i.prvInsertTimerInActiveList             0x08002018   Section        0  timers.o(i.prvInsertTimerInActiveList)
    prvInsertTimerInActiveList               0x08002019   Thumb Code    52  timers.o(i.prvInsertTimerInActiveList)
    i.prvIsQueueEmpty                        0x08002050   Section        0  queue.o(i.prvIsQueueEmpty)
    prvIsQueueEmpty                          0x08002051   Thumb Code    28  queue.o(i.prvIsQueueEmpty)
    i.prvProcessReceivedCommands             0x0800206c   Section        0  timers.o(i.prvProcessReceivedCommands)
    prvProcessReceivedCommands               0x0800206d   Thumb Code   184  timers.o(i.prvProcessReceivedCommands)
    i.prvProcessTimerOrBlockTask             0x08002128   Section        0  timers.o(i.prvProcessTimerOrBlockTask)
    prvProcessTimerOrBlockTask               0x08002129   Thumb Code   172  timers.o(i.prvProcessTimerOrBlockTask)
    i.prvResetNextTaskUnblockTime            0x080021dc   Section        0  tasks.o(i.prvResetNextTaskUnblockTime)
    prvResetNextTaskUnblockTime              0x080021dd   Thumb Code    26  tasks.o(i.prvResetNextTaskUnblockTime)
    i.prvSampleTimeNow                       0x080021fc   Section        0  timers.o(i.prvSampleTimeNow)
    prvSampleTimeNow                         0x080021fd   Thumb Code    36  timers.o(i.prvSampleTimeNow)
    i.prvSwitchTimerLists                    0x08002224   Section        0  timers.o(i.prvSwitchTimerLists)
    prvSwitchTimerLists                      0x08002225   Thumb Code   102  timers.o(i.prvSwitchTimerLists)
    i.prvTaskExitError                       0x08002290   Section        0  port.o(i.prvTaskExitError)
    prvTaskExitError                         0x08002291   Thumb Code    36  port.o(i.prvTaskExitError)
    i.prvTimerTask                           0x080022b8   Section        0  timers.o(i.prvTimerTask)
    prvTimerTask                             0x080022b9   Thumb Code    32  timers.o(i.prvTimerTask)
    i.prvUnlockQueue                         0x080022dc   Section        0  queue.o(i.prvUnlockQueue)
    prvUnlockQueue                           0x080022dd   Thumb Code   106  queue.o(i.prvUnlockQueue)
    i.pvPortMalloc                           0x08002348   Section        0  heap_4.o(i.pvPortMalloc)
    i.pvTaskIncrementMutexHeldCount          0x08002420   Section        0  tasks.o(i.pvTaskIncrementMutexHeldCount)
    i.pxPortInitialiseStack                  0x08002438   Section        0  port.o(i.pxPortInitialiseStack)
    i.uxListRemove                           0x0800245c   Section        0  list.o(i.uxListRemove)
    i.vApplicationGetIdleTaskMemory          0x08002484   Section        0  freertos.o(i.vApplicationGetIdleTaskMemory)
    i.vApplicationGetTimerTaskMemory         0x08002498   Section        0  freertos.o(i.vApplicationGetTimerTaskMemory)
    i.vListInitialise                        0x080024b0   Section        0  list.o(i.vListInitialise)
    i.vListInitialiseItem                    0x080024c6   Section        0  list.o(i.vListInitialiseItem)
    i.vListInsert                            0x080024cc   Section        0  list.o(i.vListInsert)
    i.vListInsertEnd                         0x080024fc   Section        0  list.o(i.vListInsertEnd)
    i.vPortEnterCritical                     0x08002514   Section        0  port.o(i.vPortEnterCritical)
    i.vPortExitCritical                      0x08002554   Section        0  port.o(i.vPortExitCritical)
    i.vPortFree                              0x0800257c   Section        0  heap_4.o(i.vPortFree)
    i.vPortSetupTimerInterrupt               0x080025d8   Section        0  port.o(i.vPortSetupTimerInterrupt)
    i.vPortValidateInterruptPriority         0x080025fc   Section        0  port.o(i.vPortValidateInterruptPriority)
    i.vQueueAddToRegistry                    0x08002650   Section        0  queue.o(i.vQueueAddToRegistry)
    i.vQueueWaitForMessageRestricted         0x08002678   Section        0  queue.o(i.vQueueWaitForMessageRestricted)
    i.vTaskDelay                             0x080026bc   Section        0  tasks.o(i.vTaskDelay)
    i.vTaskInternalSetTimeOutState           0x08002708   Section        0  tasks.o(i.vTaskInternalSetTimeOutState)
    i.vTaskMissedYield                       0x08002718   Section        0  tasks.o(i.vTaskMissedYield)
    i.vTaskPlaceOnEventList                  0x08002724   Section        0  tasks.o(i.vTaskPlaceOnEventList)
    i.vTaskPlaceOnEventListRestricted        0x08002754   Section        0  tasks.o(i.vTaskPlaceOnEventListRestricted)
    i.vTaskPriorityDisinheritAfterTimeout    0x0800278c   Section        0  tasks.o(i.vTaskPriorityDisinheritAfterTimeout)
    i.vTaskStartScheduler                    0x08002834   Section        0  tasks.o(i.vTaskStartScheduler)
    i.vTaskSuspendAll                        0x080028bc   Section        0  tasks.o(i.vTaskSuspendAll)
    i.vTaskSwitchContext                     0x080028cc   Section        0  tasks.o(i.vTaskSwitchContext)
    i.xPortStartScheduler                    0x08002928   Section        0  port.o(i.xPortStartScheduler)
    i.xQueueCreateCountingSemaphore          0x080029d0   Section        0  queue.o(i.xQueueCreateCountingSemaphore)
    i.xQueueCreateCountingSemaphoreStatic    0x08002a0a   Section        0  queue.o(i.xQueueCreateCountingSemaphoreStatic)
    i.xQueueGenericCreate                    0x08002a4a   Section        0  queue.o(i.xQueueGenericCreate)
    i.xQueueGenericCreateStatic              0x08002a92   Section        0  queue.o(i.xQueueGenericCreateStatic)
    i.xQueueGenericReset                     0x08002af8   Section        0  queue.o(i.xQueueGenericReset)
    i.xQueueGenericSend                      0x08002b80   Section        0  queue.o(i.xQueueGenericSend)
    i.xQueueGenericSendFromISR               0x08002ce0   Section        0  queue.o(i.xQueueGenericSendFromISR)
    i.xQueueGiveFromISR                      0x08002d9c   Section        0  queue.o(i.xQueueGiveFromISR)
    i.xQueueReceive                          0x08002e38   Section        0  queue.o(i.xQueueReceive)
    i.xQueueReceiveFromISR                   0x08002f70   Section        0  queue.o(i.xQueueReceiveFromISR)
    i.xQueueSemaphoreTake                    0x0800300c   Section        0  queue.o(i.xQueueSemaphoreTake)
    i.xTaskCheckForTimeOut                   0x08003184   Section        0  tasks.o(i.xTaskCheckForTimeOut)
    i.xTaskCreate                            0x080031f8   Section        0  tasks.o(i.xTaskCreate)
    i.xTaskCreateStatic                      0x08003252   Section        0  tasks.o(i.xTaskCreateStatic)
    i.xTaskGetSchedulerState                 0x080032a8   Section        0  tasks.o(i.xTaskGetSchedulerState)
    i.xTaskGetTickCount                      0x080032c4   Section        0  tasks.o(i.xTaskGetTickCount)
    i.xTaskIncrementTick                     0x080032d0   Section        0  tasks.o(i.xTaskIncrementTick)
    i.xTaskPriorityDisinherit                0x08003398   Section        0  tasks.o(i.xTaskPriorityDisinherit)
    i.xTaskPriorityInherit                   0x08003430   Section        0  tasks.o(i.xTaskPriorityInherit)
    i.xTaskRemoveFromEventList               0x080034c4   Section        0  tasks.o(i.xTaskRemoveFromEventList)
    i.xTaskResumeAll                         0x08003538   Section        0  tasks.o(i.xTaskResumeAll)
    i.xTimerCreateTimerTask                  0x080035fc   Section        0  timers.o(i.xTimerCreateTimerTask)
    i.xTimerGenericCommand                   0x0800365c   Section        0  timers.o(i.xTimerGenericCommand)
    x$fpl$d2f                                0x080036bc   Section       98  d2f.o(x$fpl$d2f)
    x$fpl$dadd                               0x08003720   Section      336  daddsub_clz.o(x$fpl$dadd)
    _dadd1                                   0x08003731   Thumb Code     0  daddsub_clz.o(x$fpl$dadd)
    x$fpl$ddiv                               0x08003870   Section      688  ddiv.o(x$fpl$ddiv)
    ddiv_entry                               0x08003877   Thumb Code     0  ddiv.o(x$fpl$ddiv)
    x$fpl$dfltu                              0x08003b20   Section       38  dflt_clz.o(x$fpl$dfltu)
    x$fpl$dmul                               0x08003b48   Section      340  dmul.o(x$fpl$dmul)
    x$fpl$dnaninf                            0x08003c9c   Section      156  dnaninf.o(x$fpl$dnaninf)
    x$fpl$dretinf                            0x08003d38   Section       12  dretinf.o(x$fpl$dretinf)
    x$fpl$dsub                               0x08003d44   Section      468  daddsub_clz.o(x$fpl$dsub)
    _dsub1                                   0x08003d55   Thumb Code     0  daddsub_clz.o(x$fpl$dsub)
    x$fpl$fretinf                            0x08003f18   Section       10  fretinf.o(x$fpl$fretinf)
    x$fpl$usenofp                            0x08003f22   Section        0  usenofp.o(x$fpl$usenofp)
    .constdata                               0x08003f24   Section       84  main.o(.constdata)
    .constdata                               0x08003f78   Section       16  system_stm32f1xx.o(.constdata)
    .constdata                               0x08003f88   Section        8  system_stm32f1xx.o(.constdata)
    .conststring                             0x08003f90   Section       39  main.o(.conststring)
    .data                                    0x20000000   Section       24  main.o(.data)
    .data                                    0x20000018   Section       12  stm32f1xx_hal.o(.data)
    .data                                    0x20000024   Section        4  system_stm32f1xx.o(.data)
    .data                                    0x20000028   Section       60  tasks.o(.data)
    pxDelayedTaskList                        0x2000002c   Data           4  tasks.o(.data)
    pxOverflowDelayedTaskList                0x20000030   Data           4  tasks.o(.data)
    uxDeletedTasksWaitingCleanUp             0x20000034   Data           4  tasks.o(.data)
    uxCurrentNumberOfTasks                   0x20000038   Data           4  tasks.o(.data)
    xTickCount                               0x2000003c   Data           4  tasks.o(.data)
    uxTopReadyPriority                       0x20000040   Data           4  tasks.o(.data)
    xSchedulerRunning                        0x20000044   Data           4  tasks.o(.data)
    uxPendedTicks                            0x20000048   Data           4  tasks.o(.data)
    xYieldPending                            0x2000004c   Data           4  tasks.o(.data)
    xNumOfOverflows                          0x20000050   Data           4  tasks.o(.data)
    uxTaskNumber                             0x20000054   Data           4  tasks.o(.data)
    xNextTaskUnblockTime                     0x20000058   Data           4  tasks.o(.data)
    xIdleTaskHandle                          0x2000005c   Data           4  tasks.o(.data)
    uxSchedulerSuspended                     0x20000060   Data           4  tasks.o(.data)
    .data                                    0x20000064   Section       20  timers.o(.data)
    pxCurrentTimerList                       0x20000064   Data           4  timers.o(.data)
    pxOverflowTimerList                      0x20000068   Data           4  timers.o(.data)
    xTimerQueue                              0x2000006c   Data           4  timers.o(.data)
    xTimerTaskHandle                         0x20000070   Data           4  timers.o(.data)
    xLastTime                                0x20000074   Data           4  timers.o(.data)
    .data                                    0x20000078   Section       24  heap_4.o(.data)
    pxEnd                                    0x20000078   Data           4  heap_4.o(.data)
    xFreeBytesRemaining                      0x2000007c   Data           4  heap_4.o(.data)
    xMinimumEverFreeBytesRemaining           0x20000080   Data           4  heap_4.o(.data)
    xBlockAllocatedBit                       0x20000084   Data           4  heap_4.o(.data)
    xStart                                   0x20000088   Data           8  heap_4.o(.data)
    .data                                    0x20000090   Section       12  port.o(.data)
    ucMaxSysCallPriority                     0x20000090   Data           1  port.o(.data)
    uxCriticalNesting                        0x20000094   Data           4  port.o(.data)
    ulMaxPRIGROUPValue                       0x20000098   Data           4  port.o(.data)
    .bss                                     0x2000009c   Section       48  main.o(.bss)
    .bss                                     0x200000cc   Section     1704  freertos.o(.bss)
    xIdleTaskTCBBuffer                       0x200000cc   Data          84  freertos.o(.bss)
    xIdleStack                               0x20000120   Data         512  freertos.o(.bss)
    xTimerTaskTCBBuffer                      0x20000320   Data          84  freertos.o(.bss)
    xTimerStack                              0x20000374   Data        1024  freertos.o(.bss)
    .bss                                     0x20000774   Section       72  stm32f1xx_hal_timebase_tim.o(.bss)
    .bss                                     0x200007bc   Section       64  queue.o(.bss)
    .bss                                     0x200007fc   Section      240  tasks.o(.bss)
    pxReadyTasksLists                        0x200007fc   Data         140  tasks.o(.bss)
    xDelayedTaskList1                        0x20000888   Data          20  tasks.o(.bss)
    xDelayedTaskList2                        0x2000089c   Data          20  tasks.o(.bss)
    xPendingReadyList                        0x200008b0   Data          20  tasks.o(.bss)
    xTasksWaitingTermination                 0x200008c4   Data          20  tasks.o(.bss)
    xSuspendedTaskList                       0x200008d8   Data          20  tasks.o(.bss)
    .bss                                     0x200008ec   Section      232  timers.o(.bss)
    xActiveTimerList1                        0x200008ec   Data          20  timers.o(.bss)
    xActiveTimerList2                        0x20000900   Data          20  timers.o(.bss)
    xStaticTimerQueue                        0x20000914   Data          72  timers.o(.bss)
    ucStaticTimerQueueStorage                0x2000095c   Data         120  timers.o(.bss)
    .bss                                     0x200009d4   Section     3072  heap_4.o(.bss)
    ucHeap                                   0x200009d4   Data        3072  heap_4.o(.bss)
    .bss                                     0x200015d4   Section       96  libspace.o(.bss)
    HEAP                                     0x20001638   Section      512  startup_stm32f103xb.o(HEAP)
    Heap_Mem                                 0x20001638   Data         512  startup_stm32f103xb.o(HEAP)
    STACK                                    0x20001838   Section     1024  startup_stm32f103xb.o(STACK)
    Stack_Mem                                0x20001838   Data        1024  startup_stm32f103xb.o(STACK)
    __initial_sp                             0x20001c38   Data           0  startup_stm32f103xb.o(STACK)

    Global Symbols

    Symbol Name                              Value     Ov Type        Size  Object(Section)

    BuildAttributes$$THM_ISAv4$P$D$K$B$S$PE$A:L22UL41UL21$X:L11$S22US41US21$IEEE1$IW$USESV6$~STKCKD$USESV7$~SHL$OSPACE$ROPI$EBA8$UX$STANDARDLIB$REQ8$PRES8$EABIv2 0x00000000   Number         0  anon$$obj.o ABSOLUTE
    __ARM_use_no_argv                        0x00000000   Number         0  main.o ABSOLUTE
    __ARM_exceptions_init                     - Undefined Weak Reference
    __alloca_initialize                       - Undefined Weak Reference
    __arm_preinit_                            - Undefined Weak Reference
    __cpp_initialize__aeabi_                  - Undefined Weak Reference
    __cxa_finalize                            - Undefined Weak Reference
    __rt_locale                               - Undefined Weak Reference
    __sigvec_lookup                           - Undefined Weak Reference
    _atexit_init                              - Undefined Weak Reference
    _call_atexit_fns                          - Undefined Weak Reference
    _clock_init                               - Undefined Weak Reference
    _fp_trap_init                             - Undefined Weak Reference
    _fp_trap_shutdown                         - Undefined Weak Reference
    _get_lc_collate                           - Undefined Weak Reference
    _get_lc_ctype                             - Undefined Weak Reference
    _get_lc_monetary                          - Undefined Weak Reference
    _get_lc_numeric                           - Undefined Weak Reference
    _get_lc_time                              - Undefined Weak Reference
    _getenv_init                              - Undefined Weak Reference
    _handle_redirection                       - Undefined Weak Reference
    _init_alloc                               - Undefined Weak Reference
    _init_user_alloc                          - Undefined Weak Reference
    _initio                                   - Undefined Weak Reference
    _rand_init                                - Undefined Weak Reference
    _signal_finish                            - Undefined Weak Reference
    _signal_init                              - Undefined Weak Reference
    _terminate_alloc                          - Undefined Weak Reference
    _terminate_user_alloc                     - Undefined Weak Reference
    _terminateio                              - Undefined Weak Reference
    __Vectors_Size                           0x000000ec   Number         0  startup_stm32f103xb.o ABSOLUTE
    __Vectors                                0x08000000   Data           4  startup_stm32f103xb.o(RESET)
    __Vectors_End                            0x080000ec   Data           0  startup_stm32f103xb.o(RESET)
    __main                                   0x080000ed   Thumb Code     8  __main.o(!!!main)
    __scatterload                            0x080000f5   Thumb Code     0  __scatter.o(!!!scatter)
    __scatterload_rt2                        0x080000f5   Thumb Code    44  __scatter.o(!!!scatter)
    __scatterload_rt2_thumb_only             0x080000f5   Thumb Code     0  __scatter.o(!!!scatter)
    __scatterload_null                       0x08000103   Thumb Code     0  __scatter.o(!!!scatter)
    __scatterload_copy                       0x08000129   Thumb Code    26  __scatter_copy.o(!!handler_copy)
    __scatterload_zeroinit                   0x08000145   Thumb Code    28  __scatter_zi.o(!!handler_zi)
    __rt_lib_init                            0x08000161   Thumb Code     0  libinit.o(.ARM.Collect$$libinit$$00000000)
    __rt_lib_init_alloca_1                   0x08000163   Thumb Code     0  libinit2.o(.ARM.Collect$$libinit$$0000002E)
    __rt_lib_init_argv_1                     0x08000163   Thumb Code     0  libinit2.o(.ARM.Collect$$libinit$$0000002C)
    __rt_lib_init_atexit_1                   0x08000163   Thumb Code     0  libinit2.o(.ARM.Collect$$libinit$$0000001B)
    __rt_lib_init_clock_1                    0x08000163   Thumb Code     0  libinit2.o(.ARM.Collect$$libinit$$00000021)
    __rt_lib_init_cpp_1                      0x08000163   Thumb Code     0  libinit2.o(.ARM.Collect$$libinit$$00000032)
    __rt_lib_init_exceptions_1               0x08000163   Thumb Code     0  libinit2.o(.ARM.Collect$$libinit$$00000030)
    __rt_lib_init_fp_1                       0x08000163   Thumb Code     0  libinit2.o(.ARM.Collect$$libinit$$00000002)
    __rt_lib_init_fp_trap_1                  0x08000163   Thumb Code     0  libinit2.o(.ARM.Collect$$libinit$$0000001F)
    __rt_lib_init_getenv_1                   0x08000163   Thumb Code     0  libinit2.o(.ARM.Collect$$libinit$$00000023)
    __rt_lib_init_heap_1                     0x08000163   Thumb Code     0  libinit2.o(.ARM.Collect$$libinit$$0000000A)
    __rt_lib_init_lc_collate_1               0x08000163   Thumb Code     0  libinit2.o(.ARM.Collect$$libinit$$00000011)
    __rt_lib_init_lc_ctype_1                 0x08000163   Thumb Code     0  libinit2.o(.ARM.Collect$$libinit$$00000013)
    __rt_lib_init_lc_monetary_1              0x08000163   Thumb Code     0  libinit2.o(.ARM.Collect$$libinit$$00000015)
    __rt_lib_init_lc_numeric_1               0x08000163   Thumb Code     0  libinit2.o(.ARM.Collect$$libinit$$00000017)
    __rt_lib_init_lc_time_1                  0x08000163   Thumb Code     0  libinit2.o(.ARM.Collect$$libinit$$00000019)
    __rt_lib_init_preinit_1                  0x08000163   Thumb Code     0  libinit2.o(.ARM.Collect$$libinit$$00000004)
    __rt_lib_init_rand_1                     0x08000163   Thumb Code     0  libinit2.o(.ARM.Collect$$libinit$$0000000E)
    __rt_lib_init_return                     0x08000163   Thumb Code     0  libinit2.o(.ARM.Collect$$libinit$$00000033)
    __rt_lib_init_signal_1                   0x08000163   Thumb Code     0  libinit2.o(.ARM.Collect$$libinit$$0000001D)
    __rt_lib_init_stdio_1                    0x08000163   Thumb Code     0  libinit2.o(.ARM.Collect$$libinit$$00000025)
    __rt_lib_init_user_alloc_1               0x08000163   Thumb Code     0  libinit2.o(.ARM.Collect$$libinit$$0000000C)
    __rt_lib_shutdown                        0x08000165   Thumb Code     0  libshutdown.o(.ARM.Collect$$libshutdown$$00000000)
    __rt_lib_shutdown_cpp_1                  0x08000167   Thumb Code     0  libshutdown2.o(.ARM.Collect$$libshutdown$$00000002)
    __rt_lib_shutdown_fp_trap_1              0x08000167   Thumb Code     0  libshutdown2.o(.ARM.Collect$$libshutdown$$00000007)
    __rt_lib_shutdown_heap_1                 0x08000167   Thumb Code     0  libshutdown2.o(.ARM.Collect$$libshutdown$$0000000F)
    __rt_lib_shutdown_return                 0x08000167   Thumb Code     0  libshutdown2.o(.ARM.Collect$$libshutdown$$00000010)
    __rt_lib_shutdown_signal_1               0x08000167   Thumb Code     0  libshutdown2.o(.ARM.Collect$$libshutdown$$0000000A)
    __rt_lib_shutdown_stdio_1                0x08000167   Thumb Code     0  libshutdown2.o(.ARM.Collect$$libshutdown$$00000004)
    __rt_lib_shutdown_user_alloc_1           0x08000167   Thumb Code     0  libshutdown2.o(.ARM.Collect$$libshutdown$$0000000C)
    __rt_entry                               0x08000169   Thumb Code     0  __rtentry.o(.ARM.Collect$$rtentry$$00000000)
    __rt_entry_presh_1                       0x08000169   Thumb Code     0  __rtentry2.o(.ARM.Collect$$rtentry$$00000002)
    __rt_entry_sh                            0x08000169   Thumb Code     0  __rtentry4.o(.ARM.Collect$$rtentry$$00000004)
    __rt_entry_li                            0x0800016f   Thumb Code     0  __rtentry2.o(.ARM.Collect$$rtentry$$0000000A)
    __rt_entry_postsh_1                      0x0800016f   Thumb Code     0  __rtentry2.o(.ARM.Collect$$rtentry$$00000009)
    __rt_entry_main                          0x08000173   Thumb Code     0  __rtentry2.o(.ARM.Collect$$rtentry$$0000000D)
    __rt_entry_postli_1                      0x08000173   Thumb Code     0  __rtentry2.o(.ARM.Collect$$rtentry$$0000000C)
    __rt_exit                                0x0800017b   Thumb Code     0  rtexit.o(.ARM.Collect$$rtexit$$00000000)
    __rt_exit_ls                             0x0800017d   Thumb Code     0  rtexit2.o(.ARM.Collect$$rtexit$$00000003)
    __rt_exit_prels_1                        0x0800017d   Thumb Code     0  rtexit2.o(.ARM.Collect$$rtexit$$00000002)
    __rt_exit_exit                           0x08000181   Thumb Code     0  rtexit2.o(.ARM.Collect$$rtexit$$00000004)
    SVC_Handler                              0x08000189   Thumb Code    32  port.o(.emb_text)
    __asm___6_port_c_39a90d8d__prvStartFirstTask 0x080001ad   Thumb Code    28  port.o(.emb_text)
    PendSV_Handler                           0x080001cd   Thumb Code    72  port.o(.emb_text)
    vPortGetIPSR                             0x08000219   Thumb Code     6  port.o(.emb_text)
    Reset_Handler                            0x08000221   Thumb Code     8  startup_stm32f103xb.o(.text)
    ADC1_2_IRQHandler                        0x0800023b   Thumb Code     0  startup_stm32f103xb.o(.text)
    CAN1_RX1_IRQHandler                      0x0800023b   Thumb Code     0  startup_stm32f103xb.o(.text)
    CAN1_SCE_IRQHandler                      0x0800023b   Thumb Code     0  startup_stm32f103xb.o(.text)
    DMA1_Channel1_IRQHandler                 0x0800023b   Thumb Code     0  startup_stm32f103xb.o(.text)
    DMA1_Channel2_IRQHandler                 0x0800023b   Thumb Code     0  startup_stm32f103xb.o(.text)
    DMA1_Channel3_IRQHandler                 0x0800023b   Thumb Code     0  startup_stm32f103xb.o(.text)
    DMA1_Channel4_IRQHandler                 0x0800023b   Thumb Code     0  startup_stm32f103xb.o(.text)
    DMA1_Channel5_IRQHandler                 0x0800023b   Thumb Code     0  startup_stm32f103xb.o(.text)
    DMA1_Channel6_IRQHandler                 0x0800023b   Thumb Code     0  startup_stm32f103xb.o(.text)
    DMA1_Channel7_IRQHandler                 0x0800023b   Thumb Code     0  startup_stm32f103xb.o(.text)
    EXTI0_IRQHandler                         0x0800023b   Thumb Code     0  startup_stm32f103xb.o(.text)
    EXTI1_IRQHandler                         0x0800023b   Thumb Code     0  startup_stm32f103xb.o(.text)
    EXTI2_IRQHandler                         0x0800023b   Thumb Code     0  startup_stm32f103xb.o(.text)
    EXTI3_IRQHandler                         0x0800023b   Thumb Code     0  startup_stm32f103xb.o(.text)
    EXTI4_IRQHandler                         0x0800023b   Thumb Code     0  startup_stm32f103xb.o(.text)
    EXTI9_5_IRQHandler                       0x0800023b   Thumb Code     0  startup_stm32f103xb.o(.text)
    FLASH_IRQHandler                         0x0800023b   Thumb Code     0  startup_stm32f103xb.o(.text)
    I2C1_ER_IRQHandler                       0x0800023b   Thumb Code     0  startup_stm32f103xb.o(.text)
    I2C1_EV_IRQHandler                       0x0800023b   Thumb Code     0  startup_stm32f103xb.o(.text)
    I2C2_ER_IRQHandler                       0x0800023b   Thumb Code     0  startup_stm32f103xb.o(.text)
    I2C2_EV_IRQHandler                       0x0800023b   Thumb Code     0  startup_stm32f103xb.o(.text)
    PVD_IRQHandler                           0x0800023b   Thumb Code     0  startup_stm32f103xb.o(.text)
    RCC_IRQHandler                           0x0800023b   Thumb Code     0  startup_stm32f103xb.o(.text)
    RTC_Alarm_IRQHandler                     0x0800023b   Thumb Code     0  startup_stm32f103xb.o(.text)
    RTC_IRQHandler                           0x0800023b   Thumb Code     0  startup_stm32f103xb.o(.text)
    SPI1_IRQHandler                          0x0800023b   Thumb Code     0  startup_stm32f103xb.o(.text)
    SPI2_IRQHandler                          0x0800023b   Thumb Code     0  startup_stm32f103xb.o(.text)
    TAMPER_IRQHandler                        0x0800023b   Thumb Code     0  startup_stm32f103xb.o(.text)
    TIM1_BRK_IRQHandler                      0x0800023b   Thumb Code     0  startup_stm32f103xb.o(.text)
    TIM1_CC_IRQHandler                       0x0800023b   Thumb Code     0  startup_stm32f103xb.o(.text)
    TIM1_TRG_COM_IRQHandler                  0x0800023b   Thumb Code     0  startup_stm32f103xb.o(.text)
    TIM2_IRQHandler                          0x0800023b   Thumb Code     0  startup_stm32f103xb.o(.text)
    TIM3_IRQHandler                          0x0800023b   Thumb Code     0  startup_stm32f103xb.o(.text)
    TIM4_IRQHandler                          0x0800023b   Thumb Code     0  startup_stm32f103xb.o(.text)
    USART1_IRQHandler                        0x0800023b   Thumb Code     0  startup_stm32f103xb.o(.text)
    USART2_IRQHandler                        0x0800023b   Thumb Code     0  startup_stm32f103xb.o(.text)
    USART3_IRQHandler                        0x0800023b   Thumb Code     0  startup_stm32f103xb.o(.text)
    USBWakeUp_IRQHandler                     0x0800023b   Thumb Code     0  startup_stm32f103xb.o(.text)
    USB_HP_CAN1_TX_IRQHandler                0x0800023b   Thumb Code     0  startup_stm32f103xb.o(.text)
    USB_LP_CAN1_RX0_IRQHandler               0x0800023b   Thumb Code     0  startup_stm32f103xb.o(.text)
    WWDG_IRQHandler                          0x0800023b   Thumb Code     0  startup_stm32f103xb.o(.text)
    __user_initial_stackheap                 0x0800023d   Thumb Code     0  startup_stm32f103xb.o(.text)
    __aeabi_memcpy                           0x08000261   Thumb Code     0  rt_memcpy_v6.o(.text)
    __rt_memcpy                              0x08000261   Thumb Code   138  rt_memcpy_v6.o(.text)
    _memcpy_lastbytes                        0x080002c7   Thumb Code     0  rt_memcpy_v6.o(.text)
    __aeabi_memcpy4                          0x080002eb   Thumb Code     0  rt_memcpy_w.o(.text)
    __aeabi_memcpy8                          0x080002eb   Thumb Code     0  rt_memcpy_w.o(.text)
    __rt_memcpy_w                            0x080002eb   Thumb Code   100  rt_memcpy_w.o(.text)
    _memcpy_lastbytes_aligned                0x08000333   Thumb Code     0  rt_memcpy_w.o(.text)
    __aeabi_memclr4                          0x0800034f   Thumb Code     0  rt_memclr_w.o(.text)
    __aeabi_memclr8                          0x0800034f   Thumb Code     0  rt_memclr_w.o(.text)
    __rt_memclr_w                            0x0800034f   Thumb Code    78  rt_memclr_w.o(.text)
    _memset_w                                0x08000353   Thumb Code     0  rt_memclr_w.o(.text)
    __use_two_region_memory                  0x0800039d   Thumb Code     2  heapauxi.o(.text)
    __rt_heap_escrow$2region                 0x0800039f   Thumb Code     2  heapauxi.o(.text)
    __rt_heap_expand$2region                 0x080003a1   Thumb Code     2  heapauxi.o(.text)
    __user_setup_stackheap                   0x080003a3   Thumb Code    74  sys_stackheap_outer.o(.text)
    exit                                     0x080003ed   Thumb Code    18  exit.o(.text)
    __user_libspace                          0x08000401   Thumb Code     8  libspace.o(.text)
    __user_perproc_libspace                  0x08000401   Thumb Code     0  libspace.o(.text)
    __user_perthread_libspace                0x08000401   Thumb Code     0  libspace.o(.text)
    _sys_exit                                0x08000409   Thumb Code     8  sys_exit.o(.text)
    __I$use$semihosting                      0x08000415   Thumb Code     0  use_no_semi.o(.text)
    __use_no_semihosting_swi                 0x08000415   Thumb Code     2  use_no_semi.o(.text)
    __semihosting_library_function           0x08000417   Thumb Code     0  indicate_semi.o(.text)
    ADC_ConversionStop_Disable               0x08000419   Thumb Code    86  stm32f1xx_hal_adc.o(i.ADC_ConversionStop_Disable)
    ADC_Enable                               0x08000471   Thumb Code   114  stm32f1xx_hal_adc.o(i.ADC_Enable)
    BusFault_Handler                         0x080004ed   Thumb Code     2  stm32f1xx_it.o(i.BusFault_Handler)
    DebugMon_Handler                         0x080004ef   Thumb Code     2  stm32f1xx_it.o(i.DebugMon_Handler)
    EXTI15_10_IRQHandler                     0x080004f1   Thumb Code     8  stm32f1xx_it.o(i.EXTI15_10_IRQHandler)
    HAL_ADC_ConfigChannel                    0x080004f9   Thumb Code   240  stm32f1xx_hal_adc.o(i.HAL_ADC_ConfigChannel)
    HAL_ADC_GetValue                         0x080005f5   Thumb Code     6  stm32f1xx_hal_adc.o(i.HAL_ADC_GetValue)
    HAL_ADC_Init                             0x080005fd   Thumb Code   272  stm32f1xx_hal_adc.o(i.HAL_ADC_Init)
    HAL_ADC_MspInit                          0x08000719   Thumb Code    76  stm32f1xx_hal_msp.o(i.HAL_ADC_MspInit)
    HAL_ADC_PollForConversion                0x08000771   Thumb Code   304  stm32f1xx_hal_adc.o(i.HAL_ADC_PollForConversion)
    HAL_ADC_Start                            0x080008ad   Thumb Code   184  stm32f1xx_hal_adc.o(i.HAL_ADC_Start)
    HAL_ADC_Stop                             0x0800096d   Thumb Code    52  stm32f1xx_hal_adc.o(i.HAL_ADC_Stop)
    HAL_GPIO_EXTI_Callback                   0x080009a1   Thumb Code    74  main.o(i.HAL_GPIO_EXTI_Callback)
    HAL_GPIO_EXTI_IRQHandler                 0x080009f5   Thumb Code    18  stm32f1xx_hal_gpio.o(i.HAL_GPIO_EXTI_IRQHandler)
    HAL_GPIO_Init                            0x08000a0d   Thumb Code   446  stm32f1xx_hal_gpio.o(i.HAL_GPIO_Init)
    HAL_GPIO_ReadPin                         0x08000bed   Thumb Code    10  stm32f1xx_hal_gpio.o(i.HAL_GPIO_ReadPin)
    HAL_GPIO_WritePin                        0x08000bf7   Thumb Code    10  stm32f1xx_hal_gpio.o(i.HAL_GPIO_WritePin)
    HAL_GetTick                              0x08000c01   Thumb Code     6  stm32f1xx_hal.o(i.HAL_GetTick)
    HAL_IncTick                              0x08000c0d   Thumb Code    12  stm32f1xx_hal.o(i.HAL_IncTick)
    HAL_Init                                 0x08000c1d   Thumb Code    32  stm32f1xx_hal.o(i.HAL_Init)
    HAL_InitTick                             0x08000c41   Thumb Code   118  stm32f1xx_hal_timebase_tim.o(i.HAL_InitTick)
    HAL_MspInit                              0x08000ccd   Thumb Code    62  stm32f1xx_hal_msp.o(i.HAL_MspInit)
    HAL_NVIC_EnableIRQ                       0x08000d15   Thumb Code    26  stm32f1xx_hal_cortex.o(i.HAL_NVIC_EnableIRQ)
    HAL_NVIC_SetPriority                     0x08000d31   Thumb Code    60  stm32f1xx_hal_cortex.o(i.HAL_NVIC_SetPriority)
    HAL_NVIC_SetPriorityGrouping             0x08000d71   Thumb Code    26  stm32f1xx_hal_cortex.o(i.HAL_NVIC_SetPriorityGrouping)
    HAL_RCCEx_GetPeriphCLKFreq               0x08000d95   Thumb Code   166  stm32f1xx_hal_rcc_ex.o(i.HAL_RCCEx_GetPeriphCLKFreq)
    HAL_RCCEx_PeriphCLKConfig                0x08000e5d   Thumb Code   224  stm32f1xx_hal_rcc_ex.o(i.HAL_RCCEx_PeriphCLKConfig)
    HAL_RCC_ClockConfig                      0x08000f49   Thumb Code   280  stm32f1xx_hal_rcc.o(i.HAL_RCC_ClockConfig)
    HAL_RCC_GetClockConfig                   0x08001075   Thumb Code    54  stm32f1xx_hal_rcc.o(i.HAL_RCC_GetClockConfig)
    HAL_RCC_GetPCLK2Freq                     0x080010b5   Thumb Code    20  stm32f1xx_hal_rcc.o(i.HAL_RCC_GetPCLK2Freq)
    HAL_RCC_GetSysClockFreq                  0x080010d5   Thumb Code    74  stm32f1xx_hal_rcc.o(i.HAL_RCC_GetSysClockFreq)
    HAL_RCC_OscConfig                        0x08001141   Thumb Code   778  stm32f1xx_hal_rcc.o(i.HAL_RCC_OscConfig)
    HAL_TIMEx_BreakCallback                  0x08001461   Thumb Code     2  stm32f1xx_hal_tim_ex.o(i.HAL_TIMEx_BreakCallback)
    HAL_TIMEx_CommutCallback                 0x08001463   Thumb Code     2  stm32f1xx_hal_tim_ex.o(i.HAL_TIMEx_CommutCallback)
    HAL_TIM_Base_Init                        0x08001465   Thumb Code    90  stm32f1xx_hal_tim.o(i.HAL_TIM_Base_Init)
    HAL_TIM_Base_MspInit                     0x080014bf   Thumb Code     2  stm32f1xx_hal_tim.o(i.HAL_TIM_Base_MspInit)
    HAL_TIM_Base_Start_IT                    0x080014c1   Thumb Code    76  stm32f1xx_hal_tim.o(i.HAL_TIM_Base_Start_IT)
    HAL_TIM_IC_CaptureCallback               0x08001519   Thumb Code     2  stm32f1xx_hal_tim.o(i.HAL_TIM_IC_CaptureCallback)
    HAL_TIM_IRQHandler                       0x0800151b   Thumb Code   358  stm32f1xx_hal_tim.o(i.HAL_TIM_IRQHandler)
    HAL_TIM_OC_DelayElapsedCallback          0x08001681   Thumb Code     2  stm32f1xx_hal_tim.o(i.HAL_TIM_OC_DelayElapsedCallback)
    HAL_TIM_PWM_PulseFinishedCallback        0x08001683   Thumb Code     2  stm32f1xx_hal_tim.o(i.HAL_TIM_PWM_PulseFinishedCallback)
    HAL_TIM_PeriodElapsedCallback            0x08001685   Thumb Code    14  main.o(i.HAL_TIM_PeriodElapsedCallback)
    HAL_TIM_TriggerCallback                  0x08001699   Thumb Code     2  stm32f1xx_hal_tim.o(i.HAL_TIM_TriggerCallback)
    HardFault_Handler                        0x0800169b   Thumb Code     2  stm32f1xx_it.o(i.HardFault_Handler)
    MemManage_Handler                        0x08001799   Thumb Code     2  stm32f1xx_it.o(i.MemManage_Handler)
    NMI_Handler                              0x0800179b   Thumb Code     2  stm32f1xx_it.o(i.NMI_Handler)
    StartGasSensor                           0x0800179d   Thumb Code    38  main.o(i.StartGasSensor)
    StartRunActions                          0x080017cd   Thumb Code   148  main.o(i.StartRunActions)
    StartTemperatureSensor                   0x0800186d   Thumb Code    80  main.o(i.StartTemperatureSensor)
    SysTick_Handler                          0x080018d9   Thumb Code    38  port.o(i.SysTick_Handler)
    SystemClock_Config                       0x08001905   Thumb Code   110  main.o(i.SystemClock_Config)
    SystemInit                               0x08001973   Thumb Code     2  system_stm32f1xx.o(i.SystemInit)
    TIM1_UP_IRQHandler                       0x08001975   Thumb Code     6  stm32f1xx_it.o(i.TIM1_UP_IRQHandler)
    TIM_Base_SetConfig                       0x08001981   Thumb Code    94  stm32f1xx_hal_tim.o(i.TIM_Base_SetConfig)
    UsageFault_Handler                       0x080019ed   Thumb Code     2  stm32f1xx_it.o(i.UsageFault_Handler)
    main                                     0x08001a1d   Thumb Code   122  main.o(i.main)
    osDelay                                  0x08001aad   Thumb Code    14  cmsis_os.o(i.osDelay)
    osKernelStart                            0x08001abb   Thumb Code    10  cmsis_os.o(i.osKernelStart)
    osSemaphoreCreate                        0x08001ac5   Thumb Code    80  cmsis_os.o(i.osSemaphoreCreate)
    osSemaphoreRelease                       0x08001b15   Thumb Code    74  cmsis_os.o(i.osSemaphoreRelease)
    osSemaphoreWait                          0x08001b65   Thumb Code    96  cmsis_os.o(i.osSemaphoreWait)
    osThreadCreate                           0x08001bc9   Thumb Code    84  cmsis_os.o(i.osThreadCreate)
    pvPortMalloc                             0x08002349   Thumb Code   210  heap_4.o(i.pvPortMalloc)
    pvTaskIncrementMutexHeldCount            0x08002421   Thumb Code    18  tasks.o(i.pvTaskIncrementMutexHeldCount)
    pxPortInitialiseStack                    0x08002439   Thumb Code    32  port.o(i.pxPortInitialiseStack)
    uxListRemove                             0x0800245d   Thumb Code    38  list.o(i.uxListRemove)
    vApplicationGetIdleTaskMemory            0x08002485   Thumb Code    16  freertos.o(i.vApplicationGetIdleTaskMemory)
    vApplicationGetTimerTaskMemory           0x08002499   Thumb Code    18  freertos.o(i.vApplicationGetTimerTaskMemory)
    vListInitialise                          0x080024b1   Thumb Code    22  list.o(i.vListInitialise)
    vListInitialiseItem                      0x080024c7   Thumb Code     6  list.o(i.vListInitialiseItem)
    vListInsert                              0x080024cd   Thumb Code    48  list.o(i.vListInsert)
    vListInsertEnd                           0x080024fd   Thumb Code    24  list.o(i.vListInsertEnd)
    vPortEnterCritical                       0x08002515   Thumb Code    54  port.o(i.vPortEnterCritical)
    vPortExitCritical                        0x08002555   Thumb Code    34  port.o(i.vPortExitCritical)
    vPortFree                                0x0800257d   Thumb Code    88  heap_4.o(i.vPortFree)
    vPortSetupTimerInterrupt                 0x080025d9   Thumb Code    32  port.o(i.vPortSetupTimerInterrupt)
    vPortValidateInterruptPriority           0x080025fd   Thumb Code    74  port.o(i.vPortValidateInterruptPriority)
    vQueueAddToRegistry                      0x08002651   Thumb Code    34  queue.o(i.vQueueAddToRegistry)
    vQueueWaitForMessageRestricted           0x08002679   Thumb Code    68  queue.o(i.vQueueWaitForMessageRestricted)
    vTaskDelay                               0x080026bd   Thumb Code    66  tasks.o(i.vTaskDelay)
    vTaskInternalSetTimeOutState             0x08002709   Thumb Code    12  tasks.o(i.vTaskInternalSetTimeOutState)
    vTaskMissedYield                         0x08002719   Thumb Code     8  tasks.o(i.vTaskMissedYield)
    vTaskPlaceOnEventList                    0x08002725   Thumb Code    44  tasks.o(i.vTaskPlaceOnEventList)
    vTaskPlaceOnEventListRestricted          0x08002755   Thumb Code    52  tasks.o(i.vTaskPlaceOnEventListRestricted)
    vTaskPriorityDisinheritAfterTimeout      0x0800278d   Thumb Code   160  tasks.o(i.vTaskPriorityDisinheritAfterTimeout)
    vTaskStartScheduler                      0x08002835   Thumb Code   118  tasks.o(i.vTaskStartScheduler)
    vTaskSuspendAll                          0x080028bd   Thumb Code    10  tasks.o(i.vTaskSuspendAll)
    vTaskSwitchContext                       0x080028cd   Thumb Code    82  tasks.o(i.vTaskSwitchContext)
    xPortStartScheduler                      0x08002929   Thumb Code   154  port.o(i.xPortStartScheduler)
    xQueueCreateCountingSemaphore            0x080029d1   Thumb Code    58  queue.o(i.xQueueCreateCountingSemaphore)
    xQueueCreateCountingSemaphoreStatic      0x08002a0b   Thumb Code    64  queue.o(i.xQueueCreateCountingSemaphoreStatic)
    xQueueGenericCreate                      0x08002a4b   Thumb Code    72  queue.o(i.xQueueGenericCreate)
    xQueueGenericCreateStatic                0x08002a93   Thumb Code   102  queue.o(i.xQueueGenericCreateStatic)
    xQueueGenericReset                       0x08002af9   Thumb Code   132  queue.o(i.xQueueGenericReset)
    xQueueGenericSend                        0x08002b81   Thumb Code   346  queue.o(i.xQueueGenericSend)
    xQueueGenericSendFromISR                 0x08002ce1   Thumb Code   188  queue.o(i.xQueueGenericSendFromISR)
    xQueueGiveFromISR                        0x08002d9d   Thumb Code   156  queue.o(i.xQueueGiveFromISR)
    xQueueReceive                            0x08002e39   Thumb Code   308  queue.o(i.xQueueReceive)
    xQueueReceiveFromISR                     0x08002f71   Thumb Code   154  queue.o(i.xQueueReceiveFromISR)
    xQueueSemaphoreTake                      0x0800300d   Thumb Code   372  queue.o(i.xQueueSemaphoreTake)
    xTaskCheckForTimeOut                     0x08003185   Thumb Code   112  tasks.o(i.xTaskCheckForTimeOut)
    xTaskCreate                              0x080031f9   Thumb Code    90  tasks.o(i.xTaskCreate)
    xTaskCreateStatic                        0x08003253   Thumb Code    86  tasks.o(i.xTaskCreateStatic)
    xTaskGetSchedulerState                   0x080032a9   Thumb Code    22  tasks.o(i.xTaskGetSchedulerState)
    xTaskGetTickCount                        0x080032c5   Thumb Code     6  tasks.o(i.xTaskGetTickCount)
    xTaskIncrementTick                       0x080032d1   Thumb Code   192  tasks.o(i.xTaskIncrementTick)
    xTaskPriorityDisinherit                  0x08003399   Thumb Code   144  tasks.o(i.xTaskPriorityDisinherit)
    xTaskPriorityInherit                     0x08003431   Thumb Code   138  tasks.o(i.xTaskPriorityInherit)
    xTaskRemoveFromEventList                 0x080034c5   Thumb Code   108  tasks.o(i.xTaskRemoveFromEventList)
    xTaskResumeAll                           0x08003539   Thumb Code   182  tasks.o(i.xTaskResumeAll)
    xTimerCreateTimerTask                    0x080035fd   Thumb Code    78  timers.o(i.xTimerCreateTimerTask)
    xTimerGenericCommand                     0x0800365d   Thumb Code    92  timers.o(i.xTimerGenericCommand)
    __aeabi_d2f                              0x080036bd   Thumb Code     0  d2f.o(x$fpl$d2f)
    _d2f                                     0x080036bd   Thumb Code    98  d2f.o(x$fpl$d2f)
    __aeabi_dadd                             0x08003721   Thumb Code     0  daddsub_clz.o(x$fpl$dadd)
    _dadd                                    0x08003721   Thumb Code   332  daddsub_clz.o(x$fpl$dadd)
    __aeabi_ddiv                             0x08003871   Thumb Code     0  ddiv.o(x$fpl$ddiv)
    _ddiv                                    0x08003871   Thumb Code   552  ddiv.o(x$fpl$ddiv)
    __aeabi_ui2d                             0x08003b21   Thumb Code     0  dflt_clz.o(x$fpl$dfltu)
    _dfltu                                   0x08003b21   Thumb Code    38  dflt_clz.o(x$fpl$dfltu)
    __aeabi_dmul                             0x08003b49   Thumb Code     0  dmul.o(x$fpl$dmul)
    _dmul                                    0x08003b49   Thumb Code   332  dmul.o(x$fpl$dmul)
    __fpl_dnaninf                            0x08003c9d   Thumb Code   156  dnaninf.o(x$fpl$dnaninf)
    __fpl_dretinf                            0x08003d39   Thumb Code    12  dretinf.o(x$fpl$dretinf)
    __aeabi_dsub                             0x08003d45   Thumb Code     0  daddsub_clz.o(x$fpl$dsub)
    _dsub                                    0x08003d45   Thumb Code   464  daddsub_clz.o(x$fpl$dsub)
    __fpl_fretinf                            0x08003f19   Thumb Code    10  fretinf.o(x$fpl$fretinf)
    __I$use$fp                               0x08003f22   Number         0  usenofp.o(x$fpl$usenofp)
    AHBPrescTable                            0x08003f78   Data          16  system_stm32f1xx.o(.constdata)
    APBPrescTable                            0x08003f88   Data           8  system_stm32f1xx.o(.constdata)
    Region$$Table$$Base                      0x08003fb8   Number         0  anon$$obj.o(Region$$Table)
    Region$$Table$$Limit                     0x08003fd8   Number         0  anon$$obj.o(Region$$Table)
    isGasDetected                            0x20000000   Data           1  main.o(.data)
    areSprinklersActivated                   0x20000001   Data           1  main.o(.data)
    currentTemp                              0x20000004   Data           4  main.o(.data)
    checkGasHandle                           0x20000008   Data           4  main.o(.data)
    checkTemperaturHandle                    0x2000000c   Data           4  main.o(.data)
    runActionsHandle                         0x20000010   Data           4  main.o(.data)
    countingSemaphoreHandle                  0x20000014   Data           4  main.o(.data)
    uwTickFreq                               0x20000018   Data           1  stm32f1xx_hal.o(.data)
    uwTickPrio                               0x2000001c   Data           4  stm32f1xx_hal.o(.data)
    uwTick                                   0x20000020   Data           4  stm32f1xx_hal.o(.data)
    SystemCoreClock                          0x20000024   Data           4  system_stm32f1xx.o(.data)
    pxCurrentTCB                             0x20000028   Data           4  tasks.o(.data)
    hadc1                                    0x2000009c   Data          48  main.o(.bss)
    htim1                                    0x20000774   Data          72  stm32f1xx_hal_timebase_tim.o(.bss)
    xQueueRegistry                           0x200007bc   Data          64  queue.o(.bss)
    __libspace_start                         0x200015d4   Data          96  libspace.o(.bss)
    __temporary_stack_top$libspace           0x20001634   Data           0  libspace.o(.bss)



==============================================================================

Memory Map of the image

  Image Entry point : 0x080000ed

  Load Region LR_IROM1 (Base: 0x08000000, Size: 0x00004074, Max: 0x00010000, ABSOLUTE)

    Execution Region ER_IROM1 (Exec base: 0x08000000, Load base: 0x08000000, Size: 0x00003fd8, Max: 0x00010000, ABSOLUTE)

    Exec Addr    Load Addr    Size         Type   Attr      Idx    E Section Name        Object

    0x08000000   0x08000000   0x000000ec   Data   RO            3    RESET               startup_stm32f103xb.o
    0x080000ec   0x080000ec   0x00000008   Code   RO         4126  * !!!main             c_w.l(__main.o)
    0x080000f4   0x080000f4   0x00000034   Code   RO         4312    !!!scatter          c_w.l(__scatter.o)
    0x08000128   0x08000128   0x0000001a   Code   RO         4314    !!handler_copy      c_w.l(__scatter_copy.o)
    0x08000142   0x08000142   0x00000002   PAD
    0x08000144   0x08000144   0x0000001c   Code   RO         4316    !!handler_zi        c_w.l(__scatter_zi.o)
    0x08000160   0x08000160   0x00000002   Code   RO         4182    .ARM.Collect$$libinit$$00000000  c_w.l(libinit.o)
    0x08000162   0x08000162   0x00000000   Code   RO         4189    .ARM.Collect$$libinit$$00000002  c_w.l(libinit2.o)
    0x08000162   0x08000162   0x00000000   Code   RO         4191    .ARM.Collect$$libinit$$00000004  c_w.l(libinit2.o)
    0x08000162   0x08000162   0x00000000   Code   RO         4194    .ARM.Collect$$libinit$$0000000A  c_w.l(libinit2.o)
    0x08000162   0x08000162   0x00000000   Code   RO         4196    .ARM.Collect$$libinit$$0000000C  c_w.l(libinit2.o)
    0x08000162   0x08000162   0x00000000   Code   RO         4198    .ARM.Collect$$libinit$$0000000E  c_w.l(libinit2.o)
    0x08000162   0x08000162   0x00000000   Code   RO         4201    .ARM.Collect$$libinit$$00000011  c_w.l(libinit2.o)
    0x08000162   0x08000162   0x00000000   Code   RO         4203    .ARM.Collect$$libinit$$00000013  c_w.l(libinit2.o)
    0x08000162   0x08000162   0x00000000   Code   RO         4205    .ARM.Collect$$libinit$$00000015  c_w.l(libinit2.o)
    0x08000162   0x08000162   0x00000000   Code   RO         4207    .ARM.Collect$$libinit$$00000017  c_w.l(libinit2.o)
    0x08000162   0x08000162   0x00000000   Code   RO         4209    .ARM.Collect$$libinit$$00000019  c_w.l(libinit2.o)
    0x08000162   0x08000162   0x00000000   Code   RO         4211    .ARM.Collect$$libinit$$0000001B  c_w.l(libinit2.o)
    0x08000162   0x08000162   0x00000000   Code   RO         4213    .ARM.Collect$$libinit$$0000001D  c_w.l(libinit2.o)
    0x08000162   0x08000162   0x00000000   Code   RO         4215    .ARM.Collect$$libinit$$0000001F  c_w.l(libinit2.o)
    0x08000162   0x08000162   0x00000000   Code   RO         4217    .ARM.Collect$$libinit$$00000021  c_w.l(libinit2.o)
    0x08000162   0x08000162   0x00000000   Code   RO         4219    .ARM.Collect$$libinit$$00000023  c_w.l(libinit2.o)
    0x08000162   0x08000162   0x00000000   Code   RO         4221    .ARM.Collect$$libinit$$00000025  c_w.l(libinit2.o)
    0x08000162   0x08000162   0x00000000   Code   RO         4225    .ARM.Collect$$libinit$$0000002C  c_w.l(libinit2.o)
    0x08000162   0x08000162   0x00000000   Code   RO         4227    .ARM.Collect$$libinit$$0000002E  c_w.l(libinit2.o)
    0x08000162   0x08000162   0x00000000   Code   RO         4229    .ARM.Collect$$libinit$$00000030  c_w.l(libinit2.o)
    0x08000162   0x08000162   0x00000000   Code   RO         4231    .ARM.Collect$$libinit$$00000032  c_w.l(libinit2.o)
    0x08000162   0x08000162   0x00000002   Code   RO         4232    .ARM.Collect$$libinit$$00000033  c_w.l(libinit2.o)
    0x08000164   0x08000164   0x00000002   Code   RO         4252    .ARM.Collect$$libshutdown$$00000000  c_w.l(libshutdown.o)
    0x08000166   0x08000166   0x00000000   Code   RO         4265    .ARM.Collect$$libshutdown$$00000002  c_w.l(libshutdown2.o)
    0x08000166   0x08000166   0x00000000   Code   RO         4267    .ARM.Collect$$libshutdown$$00000004  c_w.l(libshutdown2.o)
    0x08000166   0x08000166   0x00000000   Code   RO         4270    .ARM.Collect$$libshutdown$$00000007  c_w.l(libshutdown2.o)
    0x08000166   0x08000166   0x00000000   Code   RO         4273    .ARM.Collect$$libshutdown$$0000000A  c_w.l(libshutdown2.o)
    0x08000166   0x08000166   0x00000000   Code   RO         4275    .ARM.Collect$$libshutdown$$0000000C  c_w.l(libshutdown2.o)
    0x08000166   0x08000166   0x00000000   Code   RO         4278    .ARM.Collect$$libshutdown$$0000000F  c_w.l(libshutdown2.o)
    0x08000166   0x08000166   0x00000002   Code   RO         4279    .ARM.Collect$$libshutdown$$00000010  c_w.l(libshutdown2.o)
    0x08000168   0x08000168   0x00000000   Code   RO         4148    .ARM.Collect$$rtentry$$00000000  c_w.l(__rtentry.o)
    0x08000168   0x08000168   0x00000000   Code   RO         4159    .ARM.Collect$$rtentry$$00000002  c_w.l(__rtentry2.o)
    0x08000168   0x08000168   0x00000006   Code   RO         4171    .ARM.Collect$$rtentry$$00000004  c_w.l(__rtentry4.o)
    0x0800016e   0x0800016e   0x00000000   Code   RO         4161    .ARM.Collect$$rtentry$$00000009  c_w.l(__rtentry2.o)
    0x0800016e   0x0800016e   0x00000004   Code   RO         4162    .ARM.Collect$$rtentry$$0000000A  c_w.l(__rtentry2.o)
    0x08000172   0x08000172   0x00000000   Code   RO         4164    .ARM.Collect$$rtentry$$0000000C  c_w.l(__rtentry2.o)
    0x08000172   0x08000172   0x00000008   Code   RO         4165    .ARM.Collect$$rtentry$$0000000D  c_w.l(__rtentry2.o)
    0x0800017a   0x0800017a   0x00000002   Code   RO         4186    .ARM.Collect$$rtexit$$00000000  c_w.l(rtexit.o)
    0x0800017c   0x0800017c   0x00000000   Code   RO         4234    .ARM.Collect$$rtexit$$00000002  c_w.l(rtexit2.o)
    0x0800017c   0x0800017c   0x00000004   Code   RO         4235    .ARM.Collect$$rtexit$$00000003  c_w.l(rtexit2.o)
    0x08000180   0x08000180   0x00000006   Code   RO         4236    .ARM.Collect$$rtexit$$00000004  c_w.l(rtexit2.o)
    0x08000186   0x08000186   0x00000002   PAD
    0x08000188   0x08000188   0x00000096   Code   RO         4035    .emb_text           port.o
    0x0800021e   0x0800021e   0x00000002   PAD
    0x08000220   0x08000220   0x00000040   Code   RO            4    .text               startup_stm32f103xb.o
    0x08000260   0x08000260   0x0000008a   Code   RO         4116    .text               c_w.l(rt_memcpy_v6.o)
    0x080002ea   0x080002ea   0x00000064   Code   RO         4118    .text               c_w.l(rt_memcpy_w.o)
    0x0800034e   0x0800034e   0x0000004e   Code   RO         4122    .text               c_w.l(rt_memclr_w.o)
    0x0800039c   0x0800039c   0x00000006   Code   RO         4124    .text               c_w.l(heapauxi.o)
    0x080003a2   0x080003a2   0x0000004a   Code   RO         4173    .text               c_w.l(sys_stackheap_outer.o)
    0x080003ec   0x080003ec   0x00000012   Code   RO         4175    .text               c_w.l(exit.o)
    0x080003fe   0x080003fe   0x00000002   PAD
    0x08000400   0x08000400   0x00000008   Code   RO         4183    .text               c_w.l(libspace.o)
    0x08000408   0x08000408   0x0000000c   Code   RO         4244    .text               c_w.l(sys_exit.o)
    0x08000414   0x08000414   0x00000002   Code   RO         4255    .text               c_w.l(use_no_semi.o)
    0x08000416   0x08000416   0x00000000   Code   RO         4257    .text               c_w.l(indicate_semi.o)
    0x08000416   0x08000416   0x00000002   PAD
    0x08000418   0x08000418   0x00000056   Code   RO          453    i.ADC_ConversionStop_Disable  stm32f1xx_hal_adc.o
    0x0800046e   0x0800046e   0x00000002   PAD
    0x08000470   0x08000470   0x0000007c   Code   RO          457    i.ADC_Enable        stm32f1xx_hal_adc.o
    0x080004ec   0x080004ec   0x00000002   Code   RO          272    i.BusFault_Handler  stm32f1xx_it.o
    0x080004ee   0x080004ee   0x00000002   Code   RO          273    i.DebugMon_Handler  stm32f1xx_it.o
    0x080004f0   0x080004f0   0x00000008   Code   RO          274    i.EXTI15_10_IRQHandler  stm32f1xx_it.o
    0x080004f8   0x080004f8   0x000000fc   Code   RO          459    i.HAL_ADC_ConfigChannel  stm32f1xx_hal_adc.o
    0x080005f4   0x080005f4   0x00000006   Code   RO          466    i.HAL_ADC_GetValue  stm32f1xx_hal_adc.o
    0x080005fa   0x080005fa   0x00000002   PAD
    0x080005fc   0x080005fc   0x0000011c   Code   RO          468    i.HAL_ADC_Init      stm32f1xx_hal_adc.o
    0x08000718   0x08000718   0x00000058   Code   RO          343    i.HAL_ADC_MspInit   stm32f1xx_hal_msp.o
    0x08000770   0x08000770   0x0000013c   Code   RO          472    i.HAL_ADC_PollForConversion  stm32f1xx_hal_adc.o
    0x080008ac   0x080008ac   0x000000c0   Code   RO          474    i.HAL_ADC_Start     stm32f1xx_hal_adc.o
    0x0800096c   0x0800096c   0x00000034   Code   RO          477    i.HAL_ADC_Stop      stm32f1xx_hal_adc.o
    0x080009a0   0x080009a0   0x00000054   Code   RO           14    i.HAL_GPIO_EXTI_Callback  main.o
    0x080009f4   0x080009f4   0x00000018   Code   RO         1043    i.HAL_GPIO_EXTI_IRQHandler  stm32f1xx_hal_gpio.o
    0x08000a0c   0x08000a0c   0x000001e0   Code   RO         1044    i.HAL_GPIO_Init     stm32f1xx_hal_gpio.o
    0x08000bec   0x08000bec   0x0000000a   Code   RO         1046    i.HAL_GPIO_ReadPin  stm32f1xx_hal_gpio.o
    0x08000bf6   0x08000bf6   0x0000000a   Code   RO         1048    i.HAL_GPIO_WritePin  stm32f1xx_hal_gpio.o
    0x08000c00   0x08000c00   0x0000000c   Code   RO          740    i.HAL_GetTick       stm32f1xx_hal.o
    0x08000c0c   0x08000c0c   0x00000010   Code   RO          746    i.HAL_IncTick       stm32f1xx_hal.o
    0x08000c1c   0x08000c1c   0x00000024   Code   RO          747    i.HAL_Init          stm32f1xx_hal.o
    0x08000c40   0x08000c40   0x0000008c   Code   RO          378    i.HAL_InitTick      stm32f1xx_hal_timebase_tim.o
    0x08000ccc   0x08000ccc   0x00000048   Code   RO          344    i.HAL_MspInit       stm32f1xx_hal_msp.o
    0x08000d14   0x08000d14   0x0000001a   Code   RO         1204    i.HAL_NVIC_EnableIRQ  stm32f1xx_hal_cortex.o
    0x08000d2e   0x08000d2e   0x00000002   PAD
    0x08000d30   0x08000d30   0x00000040   Code   RO         1210    i.HAL_NVIC_SetPriority  stm32f1xx_hal_cortex.o
    0x08000d70   0x08000d70   0x00000024   Code   RO         1211    i.HAL_NVIC_SetPriorityGrouping  stm32f1xx_hal_cortex.o
    0x08000d94   0x08000d94   0x000000c8   Code   RO         1006    i.HAL_RCCEx_GetPeriphCLKFreq  stm32f1xx_hal_rcc_ex.o
    0x08000e5c   0x08000e5c   0x000000ec   Code   RO         1007    i.HAL_RCCEx_PeriphCLKConfig  stm32f1xx_hal_rcc_ex.o
    0x08000f48   0x08000f48   0x0000012c   Code   RO          904    i.HAL_RCC_ClockConfig  stm32f1xx_hal_rcc.o
    0x08001074   0x08001074   0x00000040   Code   RO          908    i.HAL_RCC_GetClockConfig  stm32f1xx_hal_rcc.o
    0x080010b4   0x080010b4   0x00000020   Code   RO          912    i.HAL_RCC_GetPCLK2Freq  stm32f1xx_hal_rcc.o
    0x080010d4   0x080010d4   0x0000006c   Code   RO          913    i.HAL_RCC_GetSysClockFreq  stm32f1xx_hal_rcc.o
    0x08001140   0x08001140   0x00000320   Code   RO          916    i.HAL_RCC_OscConfig  stm32f1xx_hal_rcc.o
    0x08001460   0x08001460   0x00000002   Code   RO         2410    i.HAL_TIMEx_BreakCallback  stm32f1xx_hal_tim_ex.o
    0x08001462   0x08001462   0x00000002   Code   RO         2411    i.HAL_TIMEx_CommutCallback  stm32f1xx_hal_tim_ex.o
    0x08001464   0x08001464   0x0000005a   Code   RO         1706    i.HAL_TIM_Base_Init  stm32f1xx_hal_tim.o
    0x080014be   0x080014be   0x00000002   Code   RO         1708    i.HAL_TIM_Base_MspInit  stm32f1xx_hal_tim.o
    0x080014c0   0x080014c0   0x00000058   Code   RO         1711    i.HAL_TIM_Base_Start_IT  stm32f1xx_hal_tim.o
    0x08001518   0x08001518   0x00000002   Code   RO         1740    i.HAL_TIM_IC_CaptureCallback  stm32f1xx_hal_tim.o
    0x0800151a   0x0800151a   0x00000166   Code   RO         1754    i.HAL_TIM_IRQHandler  stm32f1xx_hal_tim.o
    0x08001680   0x08001680   0x00000002   Code   RO         1757    i.HAL_TIM_OC_DelayElapsedCallback  stm32f1xx_hal_tim.o
    0x08001682   0x08001682   0x00000002   Code   RO         1784    i.HAL_TIM_PWM_PulseFinishedCallback  stm32f1xx_hal_tim.o
    0x08001684   0x08001684   0x00000014   Code   RO           15    i.HAL_TIM_PeriodElapsedCallback  main.o
    0x08001698   0x08001698   0x00000002   Code   RO         1797    i.HAL_TIM_TriggerCallback  stm32f1xx_hal_tim.o
    0x0800169a   0x0800169a   0x00000002   Code   RO          275    i.HardFault_Handler  stm32f1xx_it.o
    0x0800169c   0x0800169c   0x0000004c   Code   RO           16    i.MX_ADC1_Init      main.o
    0x080016e8   0x080016e8   0x000000b0   Code   RO           17    i.MX_GPIO_Init      main.o
    0x08001798   0x08001798   0x00000002   Code   RO          276    i.MemManage_Handler  stm32f1xx_it.o
    0x0800179a   0x0800179a   0x00000002   Code   RO          277    i.NMI_Handler       stm32f1xx_it.o
    0x0800179c   0x0800179c   0x00000030   Code   RO           18    i.StartGasSensor    main.o
    0x080017cc   0x080017cc   0x000000a0   Code   RO           19    i.StartRunActions   main.o
    0x0800186c   0x0800186c   0x0000006c   Code   RO           20    i.StartTemperatureSensor  main.o
    0x080018d8   0x080018d8   0x0000002c   Code   RO         4036    i.SysTick_Handler   port.o
    0x08001904   0x08001904   0x0000006e   Code   RO           21    i.SystemClock_Config  main.o
    0x08001972   0x08001972   0x00000002   Code   RO         2678    i.SystemInit        system_stm32f1xx.o
    0x08001974   0x08001974   0x0000000c   Code   RO          278    i.TIM1_UP_IRQHandler  stm32f1xx_it.o
    0x08001980   0x08001980   0x0000006c   Code   RO         1799    i.TIM_Base_SetConfig  stm32f1xx_hal_tim.o
    0x080019ec   0x080019ec   0x00000002   Code   RO          279    i.UsageFault_Handler  stm32f1xx_it.o
    0x080019ee   0x080019ee   0x00000020   Code   RO         1217    i.__NVIC_SetPriority  stm32f1xx_hal_cortex.o
    0x08001a0e   0x08001a0e   0x0000000c   Code   RO         3617    i.inHandlerMode     cmsis_os.o
    0x08001a1a   0x08001a1a   0x00000002   PAD
    0x08001a1c   0x08001a1c   0x00000084   Code   RO           22    i.main              main.o
    0x08001aa0   0x08001aa0   0x0000000c   Code   RO         3619    i.makeFreeRtosPriority  cmsis_os.o
    0x08001aac   0x08001aac   0x0000000e   Code   RO         3621    i.osDelay           cmsis_os.o
    0x08001aba   0x08001aba   0x0000000a   Code   RO         3624    i.osKernelStart     cmsis_os.o
    0x08001ac4   0x08001ac4   0x00000050   Code   RO         3650    i.osSemaphoreCreate  cmsis_os.o
    0x08001b14   0x08001b14   0x00000050   Code   RO         3653    i.osSemaphoreRelease  cmsis_os.o
    0x08001b64   0x08001b64   0x00000064   Code   RO         3654    i.osSemaphoreWait   cmsis_os.o
    0x08001bc8   0x08001bc8   0x00000054   Code   RO         3658    i.osThreadCreate    cmsis_os.o
    0x08001c1c   0x08001c1c   0x00000070   Code   RO         3189    i.prvAddCurrentTaskToDelayedList  tasks.o
    0x08001c8c   0x08001c8c   0x000000d0   Code   RO         3190    i.prvAddNewTaskToReadyList  tasks.o
    0x08001d5c   0x08001d5c   0x00000058   Code   RO         3488    i.prvCheckForValidListAndQueue  timers.o
    0x08001db4   0x08001db4   0x00000026   Code   RO         2856    i.prvCopyDataFromQueue  queue.o
    0x08001dda   0x08001dda   0x0000006c   Code   RO         2857    i.prvCopyDataToQueue  queue.o
    0x08001e46   0x08001e46   0x00000034   Code   RO         3191    i.prvDeleteTCB      tasks.o
    0x08001e7a   0x08001e7a   0x00000002   PAD
    0x08001e7c   0x08001e7c   0x0000004c   Code   RO         3986    i.prvHeapInit       heap_4.o
    0x08001ec8   0x08001ec8   0x00000060   Code   RO         3192    i.prvIdleTask       tasks.o
    0x08001f28   0x08001f28   0x00000016   Code   RO         2859    i.prvInitialiseNewQueue  queue.o
    0x08001f3e   0x08001f3e   0x0000008e   Code   RO         3193    i.prvInitialiseNewTask  tasks.o
    0x08001fcc   0x08001fcc   0x0000004c   Code   RO         3987    i.prvInsertBlockIntoFreeList  heap_4.o
    0x08002018   0x08002018   0x00000038   Code   RO         3490    i.prvInsertTimerInActiveList  timers.o
    0x08002050   0x08002050   0x0000001c   Code   RO         2860    i.prvIsQueueEmpty   queue.o
    0x0800206c   0x0800206c   0x000000bc   Code   RO         3491    i.prvProcessReceivedCommands  timers.o
    0x08002128   0x08002128   0x000000b4   Code   RO         3492    i.prvProcessTimerOrBlockTask  timers.o
    0x080021dc   0x080021dc   0x00000020   Code   RO         3194    i.prvResetNextTaskUnblockTime  tasks.o
    0x080021fc   0x080021fc   0x00000028   Code   RO         3493    i.prvSampleTimeNow  timers.o
    0x08002224   0x08002224   0x0000006c   Code   RO         3494    i.prvSwitchTimerLists  timers.o
    0x08002290   0x08002290   0x00000028   Code   RO         4037    i.prvTaskExitError  port.o
    0x080022b8   0x080022b8   0x00000024   Code   RO         3495    i.prvTimerTask      timers.o
    0x080022dc   0x080022dc   0x0000006a   Code   RO         2861    i.prvUnlockQueue    queue.o
    0x08002346   0x08002346   0x00000002   PAD
    0x08002348   0x08002348   0x000000d8   Code   RO         3988    i.pvPortMalloc      heap_4.o
    0x08002420   0x08002420   0x00000018   Code   RO         3196    i.pvTaskIncrementMutexHeldCount  tasks.o
    0x08002438   0x08002438   0x00000024   Code   RO         4038    i.pxPortInitialiseStack  port.o
    0x0800245c   0x0800245c   0x00000026   Code   RO         2816    i.uxListRemove      list.o
    0x08002482   0x08002482   0x00000002   PAD
    0x08002484   0x08002484   0x00000014   Code   RO          232    i.vApplicationGetIdleTaskMemory  freertos.o
    0x08002498   0x08002498   0x00000018   Code   RO          233    i.vApplicationGetTimerTaskMemory  freertos.o
    0x080024b0   0x080024b0   0x00000016   Code   RO         2817    i.vListInitialise   list.o
    0x080024c6   0x080024c6   0x00000006   Code   RO         2818    i.vListInitialiseItem  list.o
    0x080024cc   0x080024cc   0x00000030   Code   RO         2819    i.vListInsert       list.o
    0x080024fc   0x080024fc   0x00000018   Code   RO         2820    i.vListInsertEnd    list.o
    0x08002514   0x08002514   0x00000040   Code   RO         4040    i.vPortEnterCritical  port.o
    0x08002554   0x08002554   0x00000028   Code   RO         4041    i.vPortExitCritical  port.o
    0x0800257c   0x0800257c   0x0000005c   Code   RO         3989    i.vPortFree         heap_4.o
    0x080025d8   0x080025d8   0x00000024   Code   RO         4042    i.vPortSetupTimerInterrupt  port.o
    0x080025fc   0x080025fc   0x00000054   Code   RO         4043    i.vPortValidateInterruptPriority  port.o
    0x08002650   0x08002650   0x00000028   Code   RO         2865    i.vQueueAddToRegistry  queue.o
    0x08002678   0x08002678   0x00000044   Code   RO         2868    i.vQueueWaitForMessageRestricted  queue.o
    0x080026bc   0x080026bc   0x0000004c   Code   RO         3202    i.vTaskDelay        tasks.o
    0x08002708   0x08002708   0x00000010   Code   RO         3205    i.vTaskInternalSetTimeOutState  tasks.o
    0x08002718   0x08002718   0x0000000c   Code   RO         3206    i.vTaskMissedYield  tasks.o
    0x08002724   0x08002724   0x00000030   Code   RO         3208    i.vTaskPlaceOnEventList  tasks.o
    0x08002754   0x08002754   0x00000038   Code   RO         3209    i.vTaskPlaceOnEventListRestricted  tasks.o
    0x0800278c   0x0800278c   0x000000a8   Code   RO         3211    i.vTaskPriorityDisinheritAfterTimeout  tasks.o
    0x08002834   0x08002834   0x00000088   Code   RO         3216    i.vTaskStartScheduler  tasks.o
    0x080028bc   0x080028bc   0x00000010   Code   RO         3218    i.vTaskSuspendAll   tasks.o
    0x080028cc   0x080028cc   0x0000005c   Code   RO         3219    i.vTaskSwitchContext  tasks.o
    0x08002928   0x08002928   0x000000a8   Code   RO         4044    i.xPortStartScheduler  port.o
    0x080029d0   0x080029d0   0x0000003a   Code   RO         2869    i.xQueueCreateCountingSemaphore  queue.o
    0x08002a0a   0x08002a0a   0x00000040   Code   RO         2870    i.xQueueCreateCountingSemaphoreStatic  queue.o
    0x08002a4a   0x08002a4a   0x00000048   Code   RO         2873    i.xQueueGenericCreate  queue.o
    0x08002a92   0x08002a92   0x00000066   Code   RO         2874    i.xQueueGenericCreateStatic  queue.o
    0x08002af8   0x08002af8   0x00000088   Code   RO         2875    i.xQueueGenericReset  queue.o
    0x08002b80   0x08002b80   0x00000160   Code   RO         2876    i.xQueueGenericSend  queue.o
    0x08002ce0   0x08002ce0   0x000000bc   Code   RO         2877    i.xQueueGenericSendFromISR  queue.o
    0x08002d9c   0x08002d9c   0x0000009c   Code   RO         2878    i.xQueueGiveFromISR  queue.o
    0x08002e38   0x08002e38   0x00000138   Code   RO         2883    i.xQueueReceive     queue.o
    0x08002f70   0x08002f70   0x0000009a   Code   RO         2884    i.xQueueReceiveFromISR  queue.o
    0x0800300a   0x0800300a   0x00000002   PAD
    0x0800300c   0x0800300c   0x00000178   Code   RO         2885    i.xQueueSemaphoreTake  queue.o
    0x08003184   0x08003184   0x00000074   Code   RO         3220    i.xTaskCheckForTimeOut  tasks.o
    0x080031f8   0x080031f8   0x0000005a   Code   RO         3221    i.xTaskCreate       tasks.o
    0x08003252   0x08003252   0x00000056   Code   RO         3222    i.xTaskCreateStatic  tasks.o
    0x080032a8   0x080032a8   0x0000001c   Code   RO         3226    i.xTaskGetSchedulerState  tasks.o
    0x080032c4   0x080032c4   0x0000000c   Code   RO         3227    i.xTaskGetTickCount  tasks.o
    0x080032d0   0x080032d0   0x000000c8   Code   RO         3229    i.xTaskIncrementTick  tasks.o
    0x08003398   0x08003398   0x00000098   Code   RO         3232    i.xTaskPriorityDisinherit  tasks.o
    0x08003430   0x08003430   0x00000094   Code   RO         3233    i.xTaskPriorityInherit  tasks.o
    0x080034c4   0x080034c4   0x00000074   Code   RO         3234    i.xTaskRemoveFromEventList  tasks.o
    0x08003538   0x08003538   0x000000c4   Code   RO         3235    i.xTaskResumeAll    tasks.o
    0x080035fc   0x080035fc   0x00000060   Code   RO         3500    i.xTimerCreateTimerTask  timers.o
    0x0800365c   0x0800365c   0x00000060   Code   RO         3501    i.xTimerGenericCommand  timers.o
    0x080036bc   0x080036bc   0x00000062   Code   RO         4128    x$fpl$d2f           fz_ws.l(d2f.o)
    0x0800371e   0x0800371e   0x00000002   PAD
    0x08003720   0x08003720   0x00000150   Code   RO         4130    x$fpl$dadd          fz_ws.l(daddsub_clz.o)
    0x08003870   0x08003870   0x000002b0   Code   RO         4137    x$fpl$ddiv          fz_ws.l(ddiv.o)
    0x08003b20   0x08003b20   0x00000026   Code   RO         4140    x$fpl$dfltu         fz_ws.l(dflt_clz.o)
    0x08003b46   0x08003b46   0x00000002   PAD
    0x08003b48   0x08003b48   0x00000154   Code   RO         4146    x$fpl$dmul          fz_ws.l(dmul.o)
    0x08003c9c   0x08003c9c   0x0000009c   Code   RO         4151    x$fpl$dnaninf       fz_ws.l(dnaninf.o)
    0x08003d38   0x08003d38   0x0000000c   Code   RO         4153    x$fpl$dretinf       fz_ws.l(dretinf.o)
    0x08003d44   0x08003d44   0x000001d4   Code   RO         4132    x$fpl$dsub          fz_ws.l(daddsub_clz.o)
    0x08003f18   0x08003f18   0x0000000a   Code   RO         4155    x$fpl$fretinf       fz_ws.l(fretinf.o)
    0x08003f22   0x08003f22   0x00000000   Code   RO         4157    x$fpl$usenofp       fz_ws.l(usenofp.o)
    0x08003f22   0x08003f22   0x00000002   PAD
    0x08003f24   0x08003f24   0x00000054   Data   RO           25    .constdata          main.o
    0x08003f78   0x08003f78   0x00000010   Data   RO         2679    .constdata          system_stm32f1xx.o
    0x08003f88   0x08003f88   0x00000008   Data   RO         2680    .constdata          system_stm32f1xx.o
    0x08003f90   0x08003f90   0x00000027   Data   RO           26    .conststring        main.o
    0x08003fb7   0x08003fb7   0x00000001   PAD
    0x08003fb8   0x08003fb8   0x00000020   Data   RO         4310    Region$$Table       anon$$obj.o


    Execution Region RW_IRAM1 (Exec base: 0x20000000, Load base: 0x08003fd8, Size: 0x00001c38, Max: 0x00005000, ABSOLUTE)

    Exec Addr    Load Addr    Size         Type   Attr      Idx    E Section Name        Object

    0x20000000   0x08003fd8   0x00000018   Data   RW           27    .data               main.o
    0x20000018   0x08003ff0   0x0000000c   Data   RW          754    .data               stm32f1xx_hal.o
    0x20000024   0x08003ffc   0x00000004   Data   RW         2681    .data               system_stm32f1xx.o
    0x20000028   0x08004000   0x0000003c   Data   RW         3238    .data               tasks.o
    0x20000064   0x0800403c   0x00000014   Data   RW         3507    .data               timers.o
    0x20000078   0x08004050   0x00000018   Data   RW         3994    .data               heap_4.o
    0x20000090   0x08004068   0x0000000c   Data   RW         4045    .data               port.o
    0x2000009c        -       0x00000030   Zero   RW           23    .bss                main.o
    0x200000cc        -       0x000006a8   Zero   RW          234    .bss                freertos.o
    0x20000774        -       0x00000048   Zero   RW          381    .bss                stm32f1xx_hal_timebase_tim.o
    0x200007bc        -       0x00000040   Zero   RW         2886    .bss                queue.o
    0x200007fc        -       0x000000f0   Zero   RW         3237    .bss                tasks.o
    0x200008ec        -       0x000000e8   Zero   RW         3506    .bss                timers.o
    0x200009d4        -       0x00000c00   Zero   RW         3993    .bss                heap_4.o
    0x200015d4        -       0x00000060   Zero   RW         4184    .bss                c_w.l(libspace.o)
    0x20001634   0x08004074   0x00000004   PAD
    0x20001638        -       0x00000200   Zero   RW            2    HEAP                startup_stm32f103xb.o
    0x20001838        -       0x00000400   Zero   RW            1    STACK               startup_stm32f103xb.o


==============================================================================

Image component sizes


      Code (inc. data)   RO Data    RW Data    ZI Data      Debug   Object Name

       392         10          0          0          0      28716   cmsis_os.o
         0          0          0          0          0      18088   event_groups.o
        44         10          0          0       1704       1893   freertos.o
       460         24          0         24       3072       4611   heap_4.o
       138          0          0          0          0       3334   list.o
       914        106        123         24         48     469020   main.o
       662         70          0         12          0      11049   port.o
      2380         24          0          0         64      21625   queue.o
        64         26        236          0       1536        800   startup_stm32f103xb.o
        64         14          0         12          0       4582   stm32f1xx_hal.o
      1312         54          0          0          0       7139   stm32f1xx_hal_adc.o
       158         14          0          0          0      28130   stm32f1xx_hal_cortex.o
       524         40          0          0          0       4054   stm32f1xx_hal_gpio.o
       160         22          0          0          0       1512   stm32f1xx_hal_msp.o
      1304         98          0          0          0       5198   stm32f1xx_hal_rcc.o
       436         46          0          0          0       2501   stm32f1xx_hal_rcc_ex.o
       654         26          0          0          0       6920   stm32f1xx_hal_tim.o
         4          0          0          0          0       1517   stm32f1xx_hal_tim_ex.o
       140         22          0          0         72       1391   stm32f1xx_hal_timebase_tim.o
        32          6          0          0          0       3385   stm32f1xx_it.o
         0          0          0          0          0        392   stream_buffer.o
         2          0         24          4          0       1083   system_stm32f1xx.o
      2430        182          0         60        240      25289   tasks.o
       888         78          0         20        232      26123   timers.o

    ----------------------------------------------------------------------
     13180        872        416        156       6968     678352   Object Totals
         0          0         32          0          0          0   (incl. Generated)
        18          0          1          0          0          0   (incl. Padding)

    ----------------------------------------------------------------------

      Code (inc. data)   RO Data    RW Data    ZI Data      Debug   Library Member Name

         8          0          0          0          0         68   __main.o
         0          0          0          0          0          0   __rtentry.o
        12          0          0          0          0          0   __rtentry2.o
         6          0          0          0          0          0   __rtentry4.o
        52          8          0          0          0          0   __scatter.o
        26          0          0          0          0          0   __scatter_copy.o
        28          0          0          0          0          0   __scatter_zi.o
        18          0          0          0          0         80   exit.o
         6          0          0          0          0        152   heapauxi.o
         0          0          0          0          0          0   indicate_semi.o
         2          0          0          0          0          0   libinit.o
         2          0          0          0          0          0   libinit2.o
         2          0          0          0          0          0   libshutdown.o
         2          0          0          0          0          0   libshutdown2.o
         8          4          0          0         96         68   libspace.o
        78          0          0          0          0         80   rt_memclr_w.o
       138          0          0          0          0         68   rt_memcpy_v6.o
       100          0          0          0          0         80   rt_memcpy_w.o
         2          0          0          0          0          0   rtexit.o
        10          0          0          0          0          0   rtexit2.o
        12          4          0          0          0         68   sys_exit.o
        74          0          0          0          0         80   sys_stackheap_outer.o
         2          0          0          0          0         68   use_no_semi.o
        98          4          0          0          0         92   d2f.o
       804         16          0          0          0        272   daddsub_clz.o
       688        140          0          0          0        208   ddiv.o
        38          0          0          0          0         68   dflt_clz.o
       340         12          0          0          0        104   dmul.o
       156          4          0          0          0         92   dnaninf.o
        12          0          0          0          0         68   dretinf.o
        10          0          0          0          0         68   fretinf.o
         0          0          0          0          0          0   usenofp.o

    ----------------------------------------------------------------------
      2748        192          0          0        100       1784   Library Totals
        14          0          0          0          4          0   (incl. Padding)

    ----------------------------------------------------------------------

      Code (inc. data)   RO Data    RW Data    ZI Data      Debug   Library Name

       588         16          0          0         96        812   c_w.l
      2146        176          0          0          0        972   fz_ws.l

    ----------------------------------------------------------------------
      2748        192          0          0        100       1784   Library Totals

    ----------------------------------------------------------------------

==============================================================================


      Code (inc. data)   RO Data    RW Data    ZI Data      Debug   

     15928       1064        416        156       7068     672384   Grand Totals
     15928       1064        416        156       7068     672384   ELF Image Totals
     15928       1064        416        156          0          0   ROM Totals

==============================================================================

    Total RO  Size (Code + RO Data)                16344 (  15.96kB)
    Total RW  Size (RW Data + ZI Data)              7224 (   7.05kB)
    Total ROM Size (Code + RO Data + RW Data)      16500 (  16.11kB)

==============================================================================

